Component: ARM Compiler 5.06 update 4 (build 422) Tool: armlink [4d35d2]

==============================================================================

Section Cross References

    startup_stm32f103xe.o(STACK) refers (Special) to heapauxi.o(.text) for __use_two_region_memory
    startup_stm32f103xe.o(HEAP) refers (Special) to heapauxi.o(.text) for __use_two_region_memory
    startup_stm32f103xe.o(RESET) refers (Special) to heapauxi.o(.text) for __use_two_region_memory
    startup_stm32f103xe.o(RESET) refers to startup_stm32f103xe.o(STACK) for __initial_sp
    startup_stm32f103xe.o(RESET) refers to startup_stm32f103xe.o(.text) for Reset_Handler
    startup_stm32f103xe.o(RESET) refers to stm32f1xx_it.o(i.NMI_Handler) for NMI_Handler
    startup_stm32f103xe.o(RESET) refers to stm32f1xx_it.o(i.HardFault_Handler) for HardFault_Handler
    startup_stm32f103xe.o(RESET) refers to stm32f1xx_it.o(i.MemManage_Handler) for MemManage_Handler
    startup_stm32f103xe.o(RESET) refers to stm32f1xx_it.o(i.BusFault_Handler) for BusFault_Handler
    startup_stm32f103xe.o(RESET) refers to stm32f1xx_it.o(i.UsageFault_Handler) for UsageFault_Handler
    startup_stm32f103xe.o(RESET) refers to stm32f1xx_it.o(i.SVC_Handler) for SVC_Handler
    startup_stm32f103xe.o(RESET) refers to stm32f1xx_it.o(i.DebugMon_Handler) for DebugMon_Handler
    startup_stm32f103xe.o(RESET) refers to stm32f1xx_it.o(i.PendSV_Handler) for PendSV_Handler
    startup_stm32f103xe.o(RESET) refers to stm32f1xx_it.o(i.SysTick_Handler) for SysTick_Handler
    startup_stm32f103xe.o(RESET) refers to stm32f1xx_it.o(i.DMA1_Channel4_IRQHandler) for DMA1_Channel4_IRQHandler
    startup_stm32f103xe.o(RESET) refers to stm32f1xx_it.o(i.DMA1_Channel5_IRQHandler) for DMA1_Channel5_IRQHandler
    startup_stm32f103xe.o(RESET) refers to stm32f1xx_it.o(i.USART1_IRQHandler) for USART1_IRQHandler
    startup_stm32f103xe.o(RESET) refers to stm32f1xx_it.o(i.TIM6_IRQHandler) for TIM6_IRQHandler
    startup_stm32f103xe.o(.text) refers (Special) to heapauxi.o(.text) for __use_two_region_memory
    startup_stm32f103xe.o(.text) refers to system_stm32f1xx.o(i.SystemInit) for SystemInit
    startup_stm32f103xe.o(.text) refers to __main.o(!!!main) for __main
    startup_stm32f103xe.o(.text) refers to startup_stm32f103xe.o(HEAP) for Heap_Mem
    startup_stm32f103xe.o(.text) refers to startup_stm32f103xe.o(STACK) for Stack_Mem
    main.o(i.SystemClock_Config) refers to rt_memclr_w.o(.text) for __aeabi_memclr4
    main.o(i.SystemClock_Config) refers to stm32f1xx_hal_rcc.o(i.HAL_RCC_OscConfig) for HAL_RCC_OscConfig
    main.o(i.SystemClock_Config) refers to stm32f1xx_hal_rcc.o(i.HAL_RCC_ClockConfig) for HAL_RCC_ClockConfig
    main.o(i.main) refers to stm32f1xx_hal.o(i.HAL_Init) for HAL_Init
    main.o(i.main) refers to main.o(i.SystemClock_Config) for SystemClock_Config
    main.o(i.main) refers to gpio.o(i.MX_GPIO_Init) for MX_GPIO_Init
    main.o(i.main) refers to dma.o(i.MX_DMA_Init) for MX_DMA_Init
    main.o(i.main) refers to tim.o(i.MX_TIM2_Init) for MX_TIM2_Init
    main.o(i.main) refers to tim.o(i.MX_TIM3_Init) for MX_TIM3_Init
    main.o(i.main) refers to tim.o(i.MX_TIM4_Init) for MX_TIM4_Init
    main.o(i.main) refers to tim.o(i.MX_TIM5_Init) for MX_TIM5_Init
    main.o(i.main) refers to tim.o(i.MX_TIM8_Init) for MX_TIM8_Init
    main.o(i.main) refers to usart.o(i.MX_USART1_UART_Init) for MX_USART1_UART_Init
    main.o(i.main) refers to tim.o(i.MX_TIM1_Init) for MX_TIM1_Init
    main.o(i.main) refers to tim.o(i.MX_TIM6_Init) for MX_TIM6_Init
    main.o(i.main) refers to init_config.o(i.frame_init) for frame_init
    gpio.o(i.MX_GPIO_Init) refers to stm32f1xx_hal_gpio.o(i.HAL_GPIO_WritePin) for HAL_GPIO_WritePin
    gpio.o(i.MX_GPIO_Init) refers to stm32f1xx_hal_gpio.o(i.HAL_GPIO_Init) for HAL_GPIO_Init
    dma.o(i.MX_DMA_Init) refers to stm32f1xx_hal_cortex.o(i.HAL_NVIC_SetPriority) for HAL_NVIC_SetPriority
    dma.o(i.MX_DMA_Init) refers to stm32f1xx_hal_cortex.o(i.HAL_NVIC_EnableIRQ) for HAL_NVIC_EnableIRQ
    tim.o(i.HAL_TIM_Base_MspDeInit) refers to stm32f1xx_hal_cortex.o(i.HAL_NVIC_DisableIRQ) for HAL_NVIC_DisableIRQ
    tim.o(i.HAL_TIM_Base_MspInit) refers to stm32f1xx_hal_cortex.o(i.HAL_NVIC_SetPriority) for HAL_NVIC_SetPriority
    tim.o(i.HAL_TIM_Base_MspInit) refers to stm32f1xx_hal_cortex.o(i.HAL_NVIC_EnableIRQ) for HAL_NVIC_EnableIRQ
    tim.o(i.HAL_TIM_Encoder_MspDeInit) refers to stm32f1xx_hal_gpio.o(i.HAL_GPIO_DeInit) for HAL_GPIO_DeInit
    tim.o(i.HAL_TIM_Encoder_MspInit) refers to stm32f1xx_hal_gpio.o(i.HAL_GPIO_Init) for HAL_GPIO_Init
    tim.o(i.HAL_TIM_MspPostInit) refers to stm32f1xx_hal_gpio.o(i.HAL_GPIO_Init) for HAL_GPIO_Init
    tim.o(i.MX_TIM1_Init) refers to rt_memclr_w.o(.text) for __aeabi_memclr4
    tim.o(i.MX_TIM1_Init) refers to stm32f1xx_hal_tim.o(i.HAL_TIM_Base_Init) for HAL_TIM_Base_Init
    tim.o(i.MX_TIM1_Init) refers to main.o(i.Error_Handler) for Error_Handler
[...]
    i.HAL_UARTEx_ReceiveToIdle_DMA           0x080019fe   Section        0  stm32f1xx_hal_uart.o(i.HAL_UARTEx_ReceiveToIdle_DMA)
    i.HAL_UARTEx_RxEventCallback             0x08001a48   Section        0  callback_config.o(i.HAL_UARTEx_RxEventCallback)
    i.HAL_UART_ErrorCallback                 0x08001a4a   Section        0  stm32f1xx_hal_uart.o(i.HAL_UART_ErrorCallback)
    i.HAL_UART_IRQHandler                    0x08001a4c   Section        0  stm32f1xx_hal_uart.o(i.HAL_UART_IRQHandler)
    i.HAL_UART_Init                          0x08001c58   Section        0  stm32f1xx_hal_uart.o(i.HAL_UART_Init)
    i.HAL_UART_MspInit                       0x08001cbc   Section        0  usart.o(i.HAL_UART_MspInit)
    i.HAL_UART_RxCpltCallback                0x08001d98   Section        0  stm32f1xx_hal_uart.o(i.HAL_UART_RxCpltCallback)
    i.HAL_UART_RxHalfCpltCallback            0x08001d9a   Section        0  stm32f1xx_hal_uart.o(i.HAL_UART_RxHalfCpltCallback)
    i.HAL_UART_TxCpltCallback                0x08001d9c   Section        0  stm32f1xx_hal_uart.o(i.HAL_UART_TxCpltCallback)
    i.HardFault_Handler                      0x08001d9e   Section        0  stm32f1xx_it.o(i.HardFault_Handler)
    i.MX_DMA_Init                            0x08001da0   Section        0  dma.o(i.MX_DMA_Init)
    i.MX_GPIO_Init                           0x08001ddc   Section        0  gpio.o(i.MX_GPIO_Init)
    i.MX_TIM1_Init                           0x08001f1c   Section        0  tim.o(i.MX_TIM1_Init)
    i.MX_TIM2_Init                           0x08002014   Section        0  tim.o(i.MX_TIM2_Init)
    i.MX_TIM3_Init                           0x080020dc   Section        0  tim.o(i.MX_TIM3_Init)
    i.MX_TIM4_Init                           0x08002148   Section        0  tim.o(i.MX_TIM4_Init)
    i.MX_TIM5_Init                           0x080021b4   Section        0  tim.o(i.MX_TIM5_Init)
    i.MX_TIM6_Init                           0x08002220   Section        0  tim.o(i.MX_TIM6_Init)
    i.MX_TIM8_Init                           0x08002268   Section        0  tim.o(i.MX_TIM8_Init)
    i.MX_USART1_UART_Init                    0x080022d4   Section        0  usart.o(i.MX_USART1_UART_Init)
    i.MemManage_Handler                      0x0800230c   Section        0  stm32f1xx_it.o(i.MemManage_Handler)
    i.NMI_Handler                            0x0800230e   Section        0  stm32f1xx_it.o(i.NMI_Handler)
    i.PS2_Decode                             0x08002310   Section        0  ps2_dev.o(i.PS2_Decode)
    i.PS2_Delay                              0x0800241c   Section        0  ps2_dev.o(i.PS2_Delay)
    i.PS2_Read_Data                          0x08002428   Section        0  ps2_dev.o(i.PS2_Read_Data)
    i.PS2_Rx_and_Tx                          0x08002474   Section        0  ps2_dev.o(i.PS2_Rx_and_Tx)
    i.PendSV_Handler                         0x080024e0   Section        0  stm32f1xx_it.o(i.PendSV_Handler)
    i.SVC_Handler                            0x080024e2   Section        0  stm32f1xx_it.o(i.SVC_Handler)
    i.SysTick_Handler                        0x080024e4   Section        0  stm32f1xx_it.o(i.SysTick_Handler)
    i.SystemClock_Config                     0x080024e8   Section        0  main.o(i.SystemClock_Config)
    i.SystemInit                             0x08002546   Section        0  system_stm32f1xx.o(i.SystemInit)
    i.TIM6_IRQHandler                        0x08002548   Section        0  stm32f1xx_it.o(i.TIM6_IRQHandler)
    i.TIM_Base_SetConfig                     0x08002554   Section        0  stm32f1xx_hal_tim.o(i.TIM_Base_SetConfig)
    i.TIM_CCxChannelCmd                      0x080025e0   Section        0  stm32f1xx_hal_tim.o(i.TIM_CCxChannelCmd)
    i.TIM_ETR_SetConfig                      0x080025fa   Section        0  stm32f1xx_hal_tim.o(i.TIM_ETR_SetConfig)
    i.TIM_ITRx_SetConfig                     0x0800260e   Section        0  stm32f1xx_hal_tim.o(i.TIM_ITRx_SetConfig)
    TIM_ITRx_SetConfig                       0x0800260f   Thumb Code    16  stm32f1xx_hal_tim.o(i.TIM_ITRx_SetConfig)
    i.TIM_OC1_SetConfig                      0x08002620   Section        0  stm32f1xx_hal_tim.o(i.TIM_OC1_SetConfig)
    TIM_OC1_SetConfig                        0x08002621   Thumb Code    88  stm32f1xx_hal_tim.o(i.TIM_OC1_SetConfig)
    i.TIM_OC2_SetConfig                      0x08002680   Section        0  stm32f1xx_hal_tim.o(i.TIM_OC2_SetConfig)
    i.TIM_OC3_SetConfig                      0x080026ec   Section        0  stm32f1xx_hal_tim.o(i.TIM_OC3_SetConfig)
    TIM_OC3_SetConfig                        0x080026ed   Thumb Code    96  stm32f1xx_hal_tim.o(i.TIM_OC3_SetConfig)
    i.TIM_OC4_SetConfig                      0x08002754   Section        0  stm32f1xx_hal_tim.o(i.TIM_OC4_SetConfig)
    TIM_OC4_SetConfig                        0x08002755   Thumb Code    70  stm32f1xx_hal_tim.o(i.TIM_OC4_SetConfig)
    i.TIM_TI1_ConfigInputStage               0x080027a4   Section        0  stm32f1xx_hal_tim.o(i.TIM_TI1_ConfigInputStage)
    TIM_TI1_ConfigInputStage                 0x080027a5   Thumb Code    34  stm32f1xx_hal_tim.o(i.TIM_TI1_ConfigInputStage)
    i.TIM_TI2_ConfigInputStage               0x080027c6   Section        0  stm32f1xx_hal_tim.o(i.TIM_TI2_ConfigInputStage)
    TIM_TI2_ConfigInputStage                 0x080027c7   Thumb Code    36  stm32f1xx_hal_tim.o(i.TIM_TI2_ConfigInputStage)
    i.UART_DMAAbortOnError                   0x080027ea   Section        0  stm32f1xx_hal_uart.o(i.UART_DMAAbortOnError)
    UART_DMAAbortOnError                     0x080027eb   Thumb Code    16  stm32f1xx_hal_uart.o(i.UART_DMAAbortOnError)
    i.UART_DMAError                          0x080027fa   Section        0  stm32f1xx_hal_uart.o(i.UART_DMAError)
    UART_DMAError                            0x080027fb   Thumb Code    74  stm32f1xx_hal_uart.o(i.UART_DMAError)
    i.UART_DMAReceiveCplt                    0x08002844   Section        0  stm32f1xx_hal_uart.o(i.UART_DMAReceiveCplt)
    UART_DMAReceiveCplt                      0x08002845   Thumb Code    90  stm32f1xx_hal_uart.o(i.UART_DMAReceiveCplt)
    i.UART_DMARxHalfCplt                     0x0800289e   Section        0  stm32f1xx_hal_uart.o(i.UART_DMARxHalfCplt)
    UART_DMARxHalfCplt                       0x0800289f   Thumb Code    26  stm32f1xx_hal_uart.o(i.UART_DMARxHalfCplt)
    i.UART_EndRxTransfer                     0x080028b8   Section        0  stm32f1xx_hal_uart.o(i.UART_EndRxTransfer)
    UART_EndRxTransfer                       0x080028b9   Thumb Code    48  stm32f1xx_hal_uart.o(i.UART_EndRxTransfer)
    i.UART_EndTxTransfer                     0x080028e8   Section        0  stm32f1xx_hal_uart.o(i.UART_EndTxTransfer)
    UART_EndTxTransfer                       0x080028e9   Thumb Code    18  stm32f1xx_hal_uart.o(i.UART_EndTxTransfer)
    i.UART_Receive_IT                        0x080028fa   Section        0  stm32f1xx_hal_uart.o(i.UART_Receive_IT)
    UART_Receive_IT                          0x080028fb   Thumb Code   182  stm32f1xx_hal_uart.o(i.UART_Receive_IT)
    i.UART_SetConfig                         0x080029b0   Section        0  stm32f1xx_hal_uart.o(i.UART_SetConfig)
    UART_SetConfig                           0x080029b1   Thumb Code   178  stm32f1xx_hal_uart.o(i.UART_SetConfig)
    i.UART_Start_Receive_DMA                 0x08002a68   Section        0  stm32f1xx_hal_uart.o(i.UART_Start_Receive_DMA)
    i.USART1_IRQHandler                      0x08002ad8   Section        0  stm32f1xx_it.o(i.USART1_IRQHandler)
    i.UsageFault_Handler                     0x08002ae4   Section        0  stm32f1xx_it.o(i.UsageFault_Handler)
    i.__ARM_fpclassify                       0x08002ae6   Section        0  fpclassify.o(i.__ARM_fpclassify)
    i.__NVIC_SetPriority                     0x08002b0e   Section        0  stm32f1xx_hal_cortex.o(i.__NVIC_SetPriority)
    __NVIC_SetPriority                       0x08002b0f   Thumb Code    32  stm32f1xx_hal_cortex.o(i.__NVIC_SetPriority)
    i.__kernel_poly                          0x08002b2e   Section        0  poly.o(i.__kernel_poly)
    i.__mathlib_dbl_infnan                   0x08002bd8   Section        0  dunder.o(i.__mathlib_dbl_infnan)
    i.__mathlib_dbl_invalid                  0x08002bde   Section        0  dunder.o(i.__mathlib_dbl_invalid)
    i.__mathlib_dbl_underflow                0x08002bec   Section        0  dunder.o(i.__mathlib_dbl_underflow)
    i.acos                                   0x08002bfc   Section        0  acos.o(i.acos)
    i.arm_control                            0x08002e78   Section        0  arm_task.o(i.arm_control)
    i.arm_init                               0x080030e4   Section        0  arm_task.o(i.arm_init)
    i.arm_limit                              0x08003290   Section        0  arm_task.o(i.arm_limit)
    i.arm_tim_callback                       0x0800332c   Section        0  arm_task.o(i.arm_tim_callback)
    i.atan                                   0x08003330   Section        0  atan.o(i.atan)
    i.chassis_calc                           0x08003550   Section        0  chassis_task.o(i.chassis_calc)
    i.chassis_init                           0x080035c8   Section        0  chassis_task.o(i.chassis_init)
    i.chassis_tim_callback                   0x08003648   Section        0  chassis_task.o(i.chassis_tim_callback)
    i.degree2ccr                             0x08003658   Section        0  arm_task.o(i.degree2ccr)
    i.degree2radian                          0x08003684   Section        0  arm_task.o(i.degree2radian)
    i.frame_init                             0x080036a8   Section        0  init_config.o(i.frame_init)
    i.get_motor_speed                        0x080036bc   Section        0  motor_dev_1.o(i.get_motor_speed)
    i.main                                   0x080036e8   Section        0  main.o(i.main)
    i.motor_ctrl                             0x08003720   Section        0  motor_dev_1.o(i.motor_ctrl)
    i.motor_init                             0x08003860   Section        0  motor_dev_1.o(i.motor_init)
    i.move_arm                               0x080038f0   Section        0  arm_task.o(i.move_arm)
    i.pid_calc                               0x08003a44   Section        0  pid_util.o(i.pid_calc)
    i.pid_control                            0x08003af4   Section        0  chassis_task.o(i.pid_control)
    i.pid_data_reset                         0x08003b70   Section        0  pid_util.o(i.pid_data_reset)
    i.pid_set_fdb                            0x08003b8a   Section        0  pid_util.o(i.pid_set_fdb)
    i.pid_set_ref                            0x08003b8e   Section        0  pid_util.o(i.pid_set_ref)
    i.pid_set_value                          0x08003b92   Section        0  pid_util.o(i.pid_set_value)
    i.radian2ccr                             0x08003ba0   Section        0  arm_task.o(i.radian2ccr)
    i.remote_init                            0x08003bec   Section        0  remote_dev_1.o(i.remote_init)
    i.set_ccr                                0x08003c10   Section        0  steering_engine_dev_1.o(i.set_ccr)
    i.sqrt                                   0x08003c38   Section        0  sqrt.o(i.sqrt)
    i.steering_engine_init                   0x08003c84   Section        0  steering_engine_dev_1.o(i.steering_engine_init)
    i.update_ccr                             0x08003c98   Section        0  arm_task.o(i.update_ccr)
    i.update_current_value                   0x08003e3c   Section        0  arm_task.o(i.update_current_value)
    i.update_speed                           0x08003e7c   Section        0  chassis_task.o(i.update_speed)
    x$fpl$dadd                               0x08003ebc   Section      336  daddsub_clz.o(x$fpl$dadd)
    _dadd1                                   0x08003ecd   Thumb Code     0  daddsub_clz.o(x$fpl$dadd)
    x$fpl$dcheck1                            0x0800400c   Section       16  dcheck1.o(x$fpl$dcheck1)
    x$fpl$dcmpinf                            0x0800401c   Section       24  dcmpi.o(x$fpl$dcmpinf)
    x$fpl$ddiv                               0x08004034   Section      688  ddiv.o(x$fpl$ddiv)
    ddiv_entry                               0x0800403b   Thumb Code     0  ddiv.o(x$fpl$ddiv)
    x$fpl$dfix                               0x080042e4   Section       94  dfix.o(x$fpl$dfix)
    x$fpl$dfixu                              0x08004344   Section       90  dfixu.o(x$fpl$dfixu)
    x$fpl$dflt                               0x0800439e   Section       46  dflt_clz.o(x$fpl$dflt)
    x$fpl$dleqf                              0x080043cc   Section      120  dleqf.o(x$fpl$dleqf)
    x$fpl$dmul                               0x08004444   Section      340  dmul.o(x$fpl$dmul)
    x$fpl$dnaninf                            0x08004598   Section      156  dnaninf.o(x$fpl$dnaninf)
    x$fpl$dretinf                            0x08004634   Section       12  dretinf.o(x$fpl$dretinf)
    x$fpl$drleqf                             0x08004640   Section      108  drleqf.o(x$fpl$drleqf)
    x$fpl$drsb                               0x080046ac   Section       22  daddsub_clz.o(x$fpl$drsb)
    x$fpl$dsqrt                              0x080046c4   Section      460  dsqrt_noumaal.o(x$fpl$dsqrt)
    x$fpl$dsub                               0x08004890   Section      468  daddsub_clz.o(x$fpl$dsub)
    _dsub1                                   0x080048a1   Thumb Code     0  daddsub_clz.o(x$fpl$dsub)
    x$fpl$f2d                                0x08004a64   Section       86  f2d.o(x$fpl$f2d)
    x$fpl$fadd                               0x08004abc   Section      196  faddsub_clz.o(x$fpl$fadd)
    _fadd1                                   0x08004acb   Thumb Code     0  faddsub_clz.o(x$fpl$fadd)
    x$fpl$fcmpinf                            0x08004b80   Section       24  fcmpi.o(x$fpl$fcmpinf)
    x$fpl$fdiv                               0x08004b98   Section      388  fdiv.o(x$fpl$fdiv)
    _fdiv1                                   0x08004b99   Thumb Code     0  fdiv.o(x$fpl$fdiv)
    x$fpl$ffix                               0x08004d1c   Section       54  ffix.o(x$fpl$ffix)
    x$fpl$fflt                               0x08004d54   Section       48  fflt_clz.o(x$fpl$fflt)
    x$fpl$fleqf                              0x08004d84   Section      104  fleqf.o(x$fpl$fleqf)
    x$fpl$fmul                               0x08004dec   Section      258  fmul.o(x$fpl$fmul)
    x$fpl$fnaninf                            0x08004eee   Section      140  fnaninf.o(x$fpl$fnaninf)
    x$fpl$fretinf                            0x08004f7a   Section       10  fretinf.o(x$fpl$fretinf)
    x$fpl$frleqf                             0x08004f84   Section       98  frleqf.o(x$fpl$frleqf)
    x$fpl$fsub                               0x08004fe8   Section      234  faddsub_clz.o(x$fpl$fsub)
    _fsub1                                   0x08004ff7   Thumb Code     0  faddsub_clz.o(x$fpl$fsub)
    x$fpl$retnan                             0x080050d2   Section      100  retnan.o(x$fpl$retnan)
    x$fpl$scalbn                             0x08005136   Section       92  scalbn.o(x$fpl$scalbn)
    x$fpl$trapveneer                         0x08005192   Section       48  trapv.o(x$fpl$trapveneer)
    .constdata                               0x080051c2   Section       16  system_stm32f1xx.o(.constdata)
    x$fpl$usenofp                            0x080051c2   Section        0  usenofp.o(x$fpl$usenofp)
    .constdata                               0x080051d2   Section        8  system_stm32f1xx.o(.constdata)
    .constdata                               0x080051e0   Section       80  acos.o(.constdata)
    pS                                       0x080051e0   Data          48  acos.o(.constdata)
    qS                                       0x08005210   Data          32  acos.o(.constdata)
    .constdata                               0x08005230   Section      152  atan.o(.constdata)
    atanhi                                   0x08005230   Data          32  atan.o(.constdata)
    atanlo                                   0x08005250   Data          32  atan.o(.constdata)
    aTodd                                    0x08005270   Data          40  atan.o(.constdata)
    aTeven                                   0x08005298   Data          48  atan.o(.constdata)
    .data                                    0x20000000   Section       12  stm32f1xx_hal.o(.data)
    .data                                    0x2000000c   Section        4  system_stm32f1xx.o(.data)
    .data                                    0x20000010   Section        4  motor_dev_1.o(.data)
    .data                                    0x20000014   Section        8  pid_util.o(.data)
    .data                                    0x20000020   Section       56  arm_task.o(.data)
    .bss                                     0x20000058   Section      504  tim.o(.bss)
    .bss                                     0x20000250   Section      204  usart.o(.bss)
    .bss                                     0x2000031c   Section       36  remote_dev_1.o(.bss)
    .bss                                     0x20000340   Section       30  ps2_dev.o(.bss)
    .bss                                     0x20000360   Section      192  chassis_task.o(.bss)
    .bss                                     0x20000420   Section       96  libspace.o(.bss)
    HEAP                                     0x20000480   Section      512  startup_stm32f103xe.o(HEAP)
    Heap_Mem                                 0x20000480   Data         512  startup_stm32f103xe.o(HEAP)
    STACK                                    0x20000680   Section     1024  startup_stm32f103xe.o(STACK)
    Stack_Mem                                0x20000680   Data        1024  startup_stm32f103xe.o(STACK)
    __initial_sp                             0x20000a80   Data           0  startup_stm32f103xe.o(STACK)

    Global Symbols

    Symbol Name                              Value     Ov Type        Size  Object(Section)

    BuildAttributes$$THM_ISAv4$P$D$K$B$S$PE$A:L22UL41UL21$X:L11$S22US41US21$IEEE1$IW$USESV6$~STKCKD$USESV7$~SHL$OTIME$ROPI$IEEEX$EBA8$UX$STANDARDLIB$REQ8$PRES8$EABIv2 0x00000000   Number         0  anon$$obj.o ABSOLUTE
    __ARM_use_no_argv                        0x00000000   Number         0  main.o ABSOLUTE
    __ARM_exceptions_init                     - Undefined Weak Reference
    __alloca_initialize                       - Undefined Weak Reference
    __arm_preinit_                            - Undefined Weak Reference
    __cpp_initialize__aeabi_                  - Undefined Weak Reference
    __cxa_finalize                            - Undefined Weak Reference
    __rt_locale                               - Undefined Weak Reference
    __sigvec_lookup                           - Undefined Weak Reference
    _atexit_init                              - Undefined Weak Reference
    _call_atexit_fns                          - Undefined Weak Reference
    _clock_init                               - Undefined Weak Reference
    _fp_trap_init                             - Undefined Weak Reference
    _fp_trap_shutdown                         - Undefined Weak Reference
    _get_lc_collate                           - Undefined Weak Reference
    _get_lc_ctype                             - Undefined Weak Reference
    _get_lc_monetary                          - Undefined Weak Reference
    _get_lc_numeric                           - Undefined Weak Reference
    _get_lc_time                              - Undefined Weak Reference
    _getenv_init                              - Undefined Weak Reference
    _handle_redirection                       - Undefined Weak Reference
    _init_alloc                               - Undefined Weak Reference
    _init_user_alloc                          - Undefined Weak Reference
    _initio                                   - Undefined Weak Reference
    _rand_init                                - Undefined Weak Reference
    _signal_finish                            - Undefined Weak Reference
    _signal_init                              - Undefined Weak Reference
    _terminate_alloc                          - Undefined Weak Reference
    _terminate_user_alloc                     - Undefined Weak Reference
    _terminateio                              - Undefined Weak Reference
    __Vectors_Size                           0x00000130   Number         0  startup_stm32f103xe.o ABSOLUTE
    __Vectors                                0x08000000   Data           4  startup_stm32f103xe.o(RESET)
    __Vectors_End                            0x08000130   Data           0  startup_stm32f103xe.o(RESET)
    __main                                   0x08000131   Thumb Code     8  __main.o(!!!main)
    __scatterload                            0x08000139   Thumb Code     0  __scatter.o(!!!scatter)
    __scatterload_rt2                        0x08000139   Thumb Code    44  __scatter.o(!!!scatter)
    __scatterload_rt2_thumb_only             0x08000139   Thumb Code     0  __scatter.o(!!!scatter)
    __scatterload_null                       0x08000147   Thumb Code     0  __scatter.o(!!!scatter)
    __scatterload_copy                       0x0800016d   Thumb Code    26  __scatter_copy.o(!!handler_copy)
    __scatterload_zeroinit                   0x08000189   Thumb Code    28  __scatter_zi.o(!!handler_zi)
    __rt_lib_init                            0x080001a5   Thumb Code     0  libinit.o(.ARM.Collect$$libinit$$00000000)
    __rt_lib_init_alloca_1                   0x080001a7   Thumb Code     0  libinit2.o(.ARM.Collect$$libinit$$0000002E)
    __rt_lib_init_argv_1                     0x080001a7   Thumb Code     0  libinit2.o(.ARM.Collect$$libinit$$0000002C)
    __rt_lib_init_atexit_1                   0x080001a7   Thumb Code     0  libinit2.o(.ARM.Collect$$libinit$$0000001B)
    __rt_lib_init_clock_1                    0x080001a7   Thumb Code     0  libinit2.o(.ARM.Collect$$libinit$$00000021)
    __rt_lib_init_cpp_1                      0x080001a7   Thumb Code     0  libinit2.o(.ARM.Collect$$libinit$$00000032)
    __rt_lib_init_exceptions_1               0x080001a7   Thumb Code     0  libinit2.o(.ARM.Collect$$libinit$$00000030)
    __rt_lib_init_fp_1                       0x080001a7   Thumb Code     0  libinit2.o(.ARM.Collect$$libinit$$00000002)
    __rt_lib_init_fp_trap_1                  0x080001a7   Thumb Code     0  libinit2.o(.ARM.Collect$$libinit$$0000001F)
    __rt_lib_init_getenv_1                   0x080001a7   Thumb Code     0  libinit2.o(.ARM.Collect$$libinit$$00000023)
    __rt_lib_init_heap_1                     0x080001a7   Thumb Code     0  libinit2.o(.ARM.Collect$$libinit$$0000000A)
    __rt_lib_init_lc_collate_1               0x080001a7   Thumb Code     0  libinit2.o(.ARM.Collect$$libinit$$00000011)
    __rt_lib_init_lc_ctype_1                 0x080001a7   Thumb Code     0  libinit2.o(.ARM.Collect$$libinit$$00000013)
    __rt_lib_init_lc_monetary_1              0x080001a7   Thumb Code     0  libinit2.o(.ARM.Collect$$libinit$$00000015)
    __rt_lib_init_lc_numeric_1               0x080001a7   Thumb Code     0  libinit2.o(.ARM.Collect$$libinit$$00000017)
    __rt_lib_init_lc_time_1                  0x080001a7   Thumb Code     0  libinit2.o(.ARM.Collect$$libinit$$00000019)
    __rt_lib_init_preinit_1                  0x080001a7   Thumb Code     0  libinit2.o(.ARM.Collect$$libinit$$00000004)
    __rt_lib_init_rand_1                     0x080001a7   Thumb Code     0  libinit2.o(.ARM.Collect$$libinit$$0000000E)
    __rt_lib_init_return                     0x080001a7   Thumb Code     0  libinit2.o(.ARM.Collect$$libinit$$00000033)
    __rt_lib_init_signal_1                   0x080001a7   Thumb Code     0  libinit2.o(.ARM.Collect$$libinit$$0000001D)
    __rt_lib_init_stdio_1                    0x080001a7   Thumb Code     0  libinit2.o(.ARM.Collect$$libinit$$00000025)
    __rt_lib_init_user_alloc_1               0x080001a7   Thumb Code     0  libinit2.o(.ARM.Collect$$libinit$$0000000C)
    __rt_lib_shutdown                        0x080001a9   Thumb Code     0  libshutdown.o(.ARM.Collect$$libshutdown$$00000000)
    __rt_lib_shutdown_cpp_1                  0x080001ab   Thumb Code     0  libshutdown2.o(.ARM.Collect$$libshutdown$$00000002)
    __rt_lib_shutdown_fp_trap_1              0x080001ab   Thumb Code     0  libshutdown2.o(.ARM.Collect$$libshutdown$$00000007)
    __rt_lib_shutdown_heap_1                 0x080001ab   Thumb Code     0  libshutdown2.o(.ARM.Collect$$libshutdown$$0000000F)
    __rt_lib_shutdown_return                 0x080001ab   Thumb Code     0  libshutdown2.o(.ARM.Collect$$libshutdown$$00000010)
    __rt_lib_shutdown_signal_1               0x080001ab   Thumb Code     0  libshutdown2.o(.ARM.Collect$$libshutdown$$0000000A)
    __rt_lib_shutdown_stdio_1                0x080001ab   Thumb Code     0  libshutdown2.o(.ARM.Collect$$libshutdown$$00000004)
    __rt_lib_shutdown_user_alloc_1           0x080001ab   Thumb Code     0  libshutdown2.o(.ARM.Collect$$libshutdown$$0000000C)
    __rt_entry                               0x080001ad   Thumb Code     0  __rtentry.o(.ARM.Collect$$rtentry$$00000000)
    __rt_entry_presh_1                       0x080001ad   Thumb Code     0  __rtentry2.o(.ARM.Collect$$rtentry$$00000002)
    __rt_entry_sh                            0x080001ad   Thumb Code     0  __rtentry4.o(.ARM.Collect$$rtentry$$00000004)
    __rt_entry_li                            0x080001b3   Thumb Code     0  __rtentry2.o(.ARM.Collect$$rtentry$$0000000A)
    __rt_entry_postsh_1                      0x080001b3   Thumb Code     0  __rtentry2.o(.ARM.Collect$$rtentry$$00000009)
    __rt_entry_main                          0x080001b7   Thumb Code     0  __rtentry2.o(.ARM.Collect$$rtentry$$0000000D)
    __rt_entry_postli_1                      0x080001b7   Thumb Code     0  __rtentry2.o(.ARM.Collect$$rtentry$$0000000C)
    __rt_exit                                0x080001bf   Thumb Code     0  rtexit.o(.ARM.Collect$$rtexit$$00000000)
    __rt_exit_ls                             0x080001c1   Thumb Code     0  rtexit2.o(.ARM.Collect$$rtexit$$00000003)
    __rt_exit_prels_1                        0x080001c1   Thumb Code     0  rtexit2.o(.ARM.Collect$$rtexit$$00000002)
    __rt_exit_exit                           0x080001c5   Thumb Code     0  rtexit2.o(.ARM.Collect$$rtexit$$00000004)
    Reset_Handler                            0x080001cd   Thumb Code     8  startup_stm32f103xe.o(.text)
    ADC1_2_IRQHandler                        0x080001e7   Thumb Code     0  startup_stm32f103xe.o(.text)
    ADC3_IRQHandler                          0x080001e7   Thumb Code     0  startup_stm32f103xe.o(.text)
    CAN1_RX1_IRQHandler                      0x080001e7   Thumb Code     0  startup_stm32f103xe.o(.text)
    CAN1_SCE_IRQHandler                      0x080001e7   Thumb Code     0  startup_stm32f103xe.o(.text)
    DMA1_Channel1_IRQHandler                 0x080001e7   Thumb Code     0  startup_stm32f103xe.o(.text)
    DMA1_Channel2_IRQHandler                 0x080001e7   Thumb Code     0  startup_stm32f103xe.o(.text)
    DMA1_Channel3_IRQHandler                 0x080001e7   Thumb Code     0  startup_stm32f103xe.o(.text)
    DMA1_Channel6_IRQHandler                 0x080001e7   Thumb Code     0  startup_stm32f103xe.o(.text)
    DMA1_Channel7_IRQHandler                 0x080001e7   Thumb Code     0  startup_stm32f103xe.o(.text)
    DMA2_Channel1_IRQHandler                 0x080001e7   Thumb Code     0  startup_stm32f103xe.o(.text)
    DMA2_Channel2_IRQHandler                 0x080001e7   Thumb Code     0  startup_stm32f103xe.o(.text)
    DMA2_Channel3_IRQHandler                 0x080001e7   Thumb Code     0  startup_stm32f103xe.o(.text)
    DMA2_Channel4_5_IRQHandler               0x080001e7   Thumb Code     0  startup_stm32f103xe.o(.text)
    EXTI0_IRQHandler                         0x080001e7   Thumb Code     0  startup_stm32f103xe.o(.text)
    EXTI15_10_IRQHandler                     0x080001e7   Thumb Code     0  startup_stm32f103xe.o(.text)
    EXTI1_IRQHandler                         0x080001e7   Thumb Code     0  startup_stm32f103xe.o(.text)
    EXTI2_IRQHandler                         0x080001e7   Thumb Code     0  startup_stm32f103xe.o(.text)
    EXTI3_IRQHandler                         0x080001e7   Thumb Code     0  startup_stm32f103xe.o(.text)
    EXTI4_IRQHandler                         0x080001e7   Thumb Code     0  startup_stm32f103xe.o(.text)
    EXTI9_5_IRQHandler                       0x080001e7   Thumb Code     0  startup_stm32f103xe.o(.text)
    FLASH_IRQHandler                         0x080001e7   Thumb Code     0  startup_stm32f103xe.o(.text)
    FSMC_IRQHandler                          0x080001e7   Thumb Code     0  startup_stm32f103xe.o(.text)
    I2C1_ER_IRQHandler                       0x080001e7   Thumb Code     0  startup_stm32f103xe.o(.text)
    I2C1_EV_IRQHandler                       0x080001e7   Thumb Code     0  startup_stm32f103xe.o(.text)
    I2C2_ER_IRQHandler                       0x080001e7   Thumb Code     0  startup_stm32f103xe.o(.text)
    I2C2_EV_IRQHandler                       0x080001e7   Thumb Code     0  startup_stm32f103xe.o(.text)
    PVD_IRQHandler                           0x080001e7   Thumb Code     0  startup_stm32f103xe.o(.text)
    RCC_IRQHandler                           0x080001e7   Thumb Code     0  startup_stm32f103xe.o(.text)
    RTC_Alarm_IRQHandler                     0x080001e7   Thumb Code     0  startup_stm32f103xe.o(.text)
    RTC_IRQHandler                           0x080001e7   Thumb Code     0  startup_stm32f103xe.o(.text)
    SDIO_IRQHandler                          0x080001e7   Thumb Code     0  startup_stm32f103xe.o(.text)
    SPI1_IRQHandler                          0x080001e7   Thumb Code     0  startup_stm32f103xe.o(.text)
    SPI2_IRQHandler                          0x080001e7   Thumb Code     0  startup_stm32f103xe.o(.text)
    SPI3_IRQHandler                          0x080001e7   Thumb Code     0  startup_stm32f103xe.o(.text)
    TAMPER_IRQHandler                        0x080001e7   Thumb Code     0  startup_stm32f103xe.o(.text)
    TIM1_BRK_IRQHandler                      0x080001e7   Thumb Code     0  startup_stm32f103xe.o(.text)
    TIM1_CC_IRQHandler                       0x080001e7   Thumb Code     0  startup_stm32f103xe.o(.text)
    TIM1_TRG_COM_IRQHandler                  0x080001e7   Thumb Code     0  startup_stm32f103xe.o(.text)
    TIM1_UP_IRQHandler                       0x080001e7   Thumb Code     0  startup_stm32f103xe.o(.text)
    TIM2_IRQHandler                          0x080001e7   Thumb Code     0  startup_stm32f103xe.o(.text)
    TIM3_IRQHandler                          0x080001e7   Thumb Code     0  startup_stm32f103xe.o(.text)
    TIM4_IRQHandler                          0x080001e7   Thumb Code     0  startup_stm32f103xe.o(.text)
    TIM5_IRQHandler                          0x080001e7   Thumb Code     0  startup_stm32f103xe.o(.text)
    TIM7_IRQHandler                          0x080001e7   Thumb Code     0  startup_stm32f103xe.o(.text)
    TIM8_BRK_IRQHandler                      0x080001e7   Thumb Code     0  startup_stm32f103xe.o(.text)
    TIM8_CC_IRQHandler                       0x080001e7   Thumb Code     0  startup_stm32f103xe.o(.text)
    TIM8_TRG_COM_IRQHandler                  0x080001e7   Thumb Code     0  startup_stm32f103xe.o(.text)
    TIM8_UP_IRQHandler                       0x080001e7   Thumb Code     0  startup_stm32f103xe.o(.text)
    UART4_IRQHandler                         0x080001e7   Thumb Code     0  startup_stm32f103xe.o(.text)
    UART5_IRQHandler                         0x080001e7   Thumb Code     0  startup_stm32f103xe.o(.text)
    USART2_IRQHandler                        0x080001e7   Thumb Code     0  startup_stm32f103xe.o(.text)
    USART3_IRQHandler                        0x080001e7   Thumb Code     0  startup_stm32f103xe.o(.text)
    USBWakeUp_IRQHandler                     0x080001e7   Thumb Code     0  startup_stm32f103xe.o(.text)
    USB_HP_CAN1_TX_IRQHandler                0x080001e7   Thumb Code     0  startup_stm32f103xe.o(.text)
    USB_LP_CAN1_RX0_IRQHandler               0x080001e7   Thumb Code     0  startup_stm32f103xe.o(.text)
    WWDG_IRQHandler                          0x080001e7   Thumb Code     0  startup_stm32f103xe.o(.text)
    __user_initial_stackheap                 0x080001e9   Thumb Code     0  startup_stm32f103xe.o(.text)
    __aeabi_memcpy4                          0x0800020d   Thumb Code     0  rt_memcpy_w.o(.text)
    __aeabi_memcpy8                          0x0800020d   Thumb Code     0  rt_memcpy_w.o(.text)
    __rt_memcpy_w                            0x0800020d   Thumb Code   100  rt_memcpy_w.o(.text)
    _memcpy_lastbytes_aligned                0x08000255   Thumb Code     0  rt_memcpy_w.o(.text)
    __aeabi_memclr4                          0x08000271   Thumb Code     0  rt_memclr_w.o(.text)
    __aeabi_memclr8                          0x08000271   Thumb Code     0  rt_memclr_w.o(.text)
    __rt_memclr_w                            0x08000271   Thumb Code    78  rt_memclr_w.o(.text)
    _memset_w                                0x08000275   Thumb Code     0  rt_memclr_w.o(.text)
    __use_two_region_memory                  0x080002bf   Thumb Code     2  heapauxi.o(.text)
    __rt_heap_escrow$2region                 0x080002c1   Thumb Code     2  heapauxi.o(.text)
    __rt_heap_expand$2region                 0x080002c3   Thumb Code     2  heapauxi.o(.text)
    __read_errno                             0x080002c5   Thumb Code    10  _rserrno.o(.text)
    __set_errno                              0x080002cf   Thumb Code    12  _rserrno.o(.text)
    __aeabi_errno_addr                       0x080002dd   Thumb Code     8  rt_errno_addr_intlibspace.o(.text)
    __errno$intlibspace                      0x080002dd   Thumb Code     0  rt_errno_addr_intlibspace.o(.text)
    __rt_errno_addr$intlibspace              0x080002dd   Thumb Code     0  rt_errno_addr_intlibspace.o(.text)
    __user_libspace                          0x080002e5   Thumb Code     8  libspace.o(.text)
    __user_perproc_libspace                  0x080002e5   Thumb Code     0  libspace.o(.text)
    __user_perthread_libspace                0x080002e5   Thumb Code     0  libspace.o(.text)
    __user_setup_stackheap                   0x080002ed   Thumb Code    74  sys_stackheap_outer.o(.text)
    exit                                     0x08000337   Thumb Code    18  exit.o(.text)
    _sys_exit                                0x08000349   Thumb Code     8  sys_exit.o(.text)
    __I$use$semihosting                      0x08000355   Thumb Code     0  use_no_semi.o(.text)
    __use_no_semihosting_swi                 0x08000355   Thumb Code     2  use_no_semi.o(.text)
    BusFault_Handler                         0x08000357   Thumb Code     2  stm32f1xx_it.o(i.BusFault_Handler)
    __semihosting_library_function           0x08000357   Thumb Code     0  indicate_semi.o(.text)
    DMA1_Channel4_IRQHandler                 0x08000359   Thumb Code     6  stm32f1xx_it.o(i.DMA1_Channel4_IRQHandler)
    DMA1_Channel5_IRQHandler                 0x08000365   Thumb Code     6  stm32f1xx_it.o(i.DMA1_Channel5_IRQHandler)
    DebugMon_Handler                         0x0800039b   Thumb Code     2  stm32f1xx_it.o(i.DebugMon_Handler)
    Error_Handler                            0x0800039d   Thumb Code     4  main.o(i.Error_Handler)
    HAL_DMA_Abort                            0x080003a1   Thumb Code    70  stm32f1xx_hal_dma.o(i.HAL_DMA_Abort)
    HAL_DMA_Abort_IT                         0x080003e9   Thumb Code   296  stm32f1xx_hal_dma.o(i.HAL_DMA_Abort_IT)
    HAL_DMA_IRQHandler                       0x08000519   Thumb Code   552  stm32f1xx_hal_dma.o(i.HAL_DMA_IRQHandler)
    HAL_DMA_Init                             0x08000761   Thumb Code   112  stm32f1xx_hal_dma.o(i.HAL_DMA_Init)
    HAL_DMA_Start_IT                         0x080007dd   Thumb Code   112  stm32f1xx_hal_dma.o(i.HAL_DMA_Start_IT)
    HAL_GPIO_Init                            0x0800084d   Thumb Code   462  stm32f1xx_hal_gpio.o(i.HAL_GPIO_Init)
    HAL_GPIO_ReadPin                         0x08000a45   Thumb Code    10  stm32f1xx_hal_gpio.o(i.HAL_GPIO_ReadPin)
    HAL_GPIO_WritePin                        0x08000a4f   Thumb Code    10  stm32f1xx_hal_gpio.o(i.HAL_GPIO_WritePin)
    HAL_GetTick                              0x08000a59   Thumb Code     6  stm32f1xx_hal.o(i.HAL_GetTick)
    HAL_IncTick                              0x08000a65   Thumb Code    12  stm32f1xx_hal.o(i.HAL_IncTick)
    HAL_Init                                 0x08000a75   Thumb Code    32  stm32f1xx_hal.o(i.HAL_Init)
    HAL_InitTick                             0x08000a99   Thumb Code    54  stm32f1xx_hal.o(i.HAL_InitTick)
    HAL_MspInit                              0x08000ad9   Thumb Code    52  stm32f1xx_hal_msp.o(i.HAL_MspInit)
    HAL_NVIC_EnableIRQ                       0x08000b15   Thumb Code    26  stm32f1xx_hal_cortex.o(i.HAL_NVIC_EnableIRQ)
    HAL_NVIC_SetPriority                     0x08000b31   Thumb Code    60  stm32f1xx_hal_cortex.o(i.HAL_NVIC_SetPriority)
    HAL_NVIC_SetPriorityGrouping             0x08000b71   Thumb Code    26  stm32f1xx_hal_cortex.o(i.HAL_NVIC_SetPriorityGrouping)
    HAL_RCC_ClockConfig                      0x08000b95   Thumb Code   280  stm32f1xx_hal_rcc.o(i.HAL_RCC_ClockConfig)
    HAL_RCC_GetPCLK1Freq                     0x08000cc1   Thumb Code    20  stm32f1xx_hal_rcc.o(i.HAL_RCC_GetPCLK1Freq)
    HAL_RCC_GetPCLK2Freq                     0x08000ce1   Thumb Code    20  stm32f1xx_hal_rcc.o(i.HAL_RCC_GetPCLK2Freq)
    HAL_RCC_GetSysClockFreq                  0x08000d01   Thumb Code    74  stm32f1xx_hal_rcc.o(i.HAL_RCC_GetSysClockFreq)
    HAL_RCC_OscConfig                        0x08000d6d   Thumb Code   778  stm32f1xx_hal_rcc.o(i.HAL_RCC_OscConfig)
    HAL_SYSTICK_Config                       0x0800108d   Thumb Code    40  stm32f1xx_hal_cortex.o(i.HAL_SYSTICK_Config)
    HAL_TIMEx_BreakCallback                  0x080010b5   Thumb Code     2  stm32f1xx_hal_tim_ex.o(i.HAL_TIMEx_BreakCallback)
    HAL_TIMEx_CommutCallback                 0x080010b7   Thumb Code     2  stm32f1xx_hal_tim_ex.o(i.HAL_TIMEx_CommutCallback)
    HAL_TIMEx_ConfigBreakDeadTime            0x080010b9   Thumb Code    84  stm32f1xx_hal_tim_ex.o(i.HAL_TIMEx_ConfigBreakDeadTime)
    HAL_TIMEx_MasterConfigSynchronization    0x0800110d   Thumb Code   104  stm32f1xx_hal_tim_ex.o(i.HAL_TIMEx_MasterConfigSynchronization)
    HAL_TIM_Base_Init                        0x08001189   Thumb Code    90  stm32f1xx_hal_tim.o(i.HAL_TIM_Base_Init)
    HAL_TIM_Base_MspInit                     0x080011e5   Thumb Code    94  tim.o(i.HAL_TIM_Base_MspInit)
    HAL_TIM_Base_Start_IT                    0x08001251   Thumb Code    88  stm32f1xx_hal_tim.o(i.HAL_TIM_Base_Start_IT)
    HAL_TIM_ConfigClockSource                0x080012bd   Thumb Code   214  stm32f1xx_hal_tim.o(i.HAL_TIM_ConfigClockSource)
    HAL_TIM_Encoder_Init                     0x08001393   Thumb Code   164  stm32f1xx_hal_tim.o(i.HAL_TIM_Encoder_Init)
    HAL_TIM_Encoder_MspInit                  0x08001439   Thumb Code   232  tim.o(i.HAL_TIM_Encoder_MspInit)
    HAL_TIM_Encoder_Start                    0x08001545   Thumb Code   142  stm32f1xx_hal_tim.o(i.HAL_TIM_Encoder_Start)
    HAL_TIM_IC_CaptureCallback               0x080015d3   Thumb Code     2  stm32f1xx_hal_tim.o(i.HAL_TIM_IC_CaptureCallback)
    HAL_TIM_IRQHandler                       0x080015d5   Thumb Code   358  stm32f1xx_hal_tim.o(i.HAL_TIM_IRQHandler)
    HAL_TIM_MspPostInit                      0x0800173d   Thumb Code   172  tim.o(i.HAL_TIM_MspPostInit)
    HAL_TIM_OC_DelayElapsedCallback          0x08001801   Thumb Code     2  stm32f1xx_hal_tim.o(i.HAL_TIM_OC_DelayElapsedCallback)
    HAL_TIM_PWM_ConfigChannel                0x08001803   Thumb Code   198  stm32f1xx_hal_tim.o(i.HAL_TIM_PWM_ConfigChannel)
    HAL_TIM_PWM_Init                         0x080018c9   Thumb Code    90  stm32f1xx_hal_tim.o(i.HAL_TIM_PWM_Init)
    HAL_TIM_PWM_MspInit                      0x08001923   Thumb Code     2  stm32f1xx_hal_tim.o(i.HAL_TIM_PWM_MspInit)
    HAL_TIM_PWM_PulseFinishedCallback        0x08001925   Thumb Code     2  stm32f1xx_hal_tim.o(i.HAL_TIM_PWM_PulseFinishedCallback)
    HAL_TIM_PWM_Start                        0x08001929   Thumb Code   160  stm32f1xx_hal_tim.o(i.HAL_TIM_PWM_Start)
    HAL_TIM_PeriodElapsedCallback            0x080019dd   Thumb Code    26  callback_config.o(i.HAL_TIM_PeriodElapsedCallback)
    HAL_TIM_TriggerCallback                  0x080019fd   Thumb Code     2  stm32f1xx_hal_tim.o(i.HAL_TIM_TriggerCallback)
    HAL_UARTEx_ReceiveToIdle_DMA             0x080019ff   Thumb Code    74  stm32f1xx_hal_uart.o(i.HAL_UARTEx_ReceiveToIdle_DMA)
    HAL_UARTEx_RxEventCallback               0x08001a49   Thumb Code     2  callback_config.o(i.HAL_UARTEx_RxEventCallback)
    HAL_UART_ErrorCallback                   0x08001a4b   Thumb Code     2  stm32f1xx_hal_uart.o(i.HAL_UART_ErrorCallback)
    HAL_UART_IRQHandler                      0x08001a4d   Thumb Code   520  stm32f1xx_hal_uart.o(i.HAL_UART_IRQHandler)
    HAL_UART_Init                            0x08001c59   Thumb Code    98  stm32f1xx_hal_uart.o(i.HAL_UART_Init)
    HAL_UART_MspInit                         0x08001cbd   Thumb Code   198  usart.o(i.HAL_UART_MspInit)
    HAL_UART_RxCpltCallback                  0x08001d99   Thumb Code     2  stm32f1xx_hal_uart.o(i.HAL_UART_RxCpltCallback)
    HAL_UART_RxHalfCpltCallback              0x08001d9b   Thumb Code     2  stm32f1xx_hal_uart.o(i.HAL_UART_RxHalfCpltCallback)
    HAL_UART_TxCpltCallback                  0x08001d9d   Thumb Code     2  stm32f1xx_hal_uart.o(i.HAL_UART_TxCpltCallback)
    HardFault_Handler                        0x08001d9f   Thumb Code     2  stm32f1xx_it.o(i.HardFault_Handler)
    MX_DMA_Init                              0x08001da1   Thumb Code    56  dma.o(i.MX_DMA_Init)
    MX_GPIO_Init                             0x08001ddd   Thumb Code   298  gpio.o(i.MX_GPIO_Init)
    MX_TIM1_Init                             0x08001f1d   Thumb Code   240  tim.o(i.MX_TIM1_Init)
    MX_TIM2_Init                             0x08002015   Thumb Code   194  tim.o(i.MX_TIM2_Init)
    MX_TIM3_Init                             0x080020dd   Thumb Code    98  tim.o(i.MX_TIM3_Init)
    MX_TIM4_Init                             0x08002149   Thumb Code    98  tim.o(i.MX_TIM4_Init)
    MX_TIM5_Init                             0x080021b5   Thumb Code    98  tim.o(i.MX_TIM5_Init)
    MX_TIM6_Init                             0x08002221   Thumb Code    62  tim.o(i.MX_TIM6_Init)
    MX_TIM8_Init                             0x08002269   Thumb Code   100  tim.o(i.MX_TIM8_Init)
    MX_USART1_UART_Init                      0x080022d5   Thumb Code    48  usart.o(i.MX_USART1_UART_Init)
    MemManage_Handler                        0x0800230d   Thumb Code     2  stm32f1xx_it.o(i.MemManage_Handler)
    NMI_Handler                              0x0800230f   Thumb Code     2  stm32f1xx_it.o(i.NMI_Handler)
    PS2_Decode                               0x08002311   Thumb Code   264  ps2_dev.o(i.PS2_Decode)
    PS2_Delay                                0x0800241d   Thumb Code    12  ps2_dev.o(i.PS2_Delay)
    PS2_Read_Data                            0x08002429   Thumb Code    66  ps2_dev.o(i.PS2_Read_Data)
    PS2_Rx_and_Tx                            0x08002475   Thumb Code   102  ps2_dev.o(i.PS2_Rx_and_Tx)
    PendSV_Handler                           0x080024e1   Thumb Code     2  stm32f1xx_it.o(i.PendSV_Handler)
    SVC_Handler                              0x080024e3   Thumb Code     2  stm32f1xx_it.o(i.SVC_Handler)
    SysTick_Handler                          0x080024e5   Thumb Code     4  stm32f1xx_it.o(i.SysTick_Handler)
    SystemClock_Config                       0x080024e9   Thumb Code    94  main.o(i.SystemClock_Config)
    SystemInit                               0x08002547   Thumb Code     2  system_stm32f1xx.o(i.SystemInit)
    TIM6_IRQHandler                          0x08002549   Thumb Code     6  stm32f1xx_it.o(i.TIM6_IRQHandler)
    TIM_Base_SetConfig                       0x08002555   Thumb Code   120  stm32f1xx_hal_tim.o(i.TIM_Base_SetConfig)
    TIM_CCxChannelCmd                        0x080025e1   Thumb Code    26  stm32f1xx_hal_tim.o(i.TIM_CCxChannelCmd)
    TIM_ETR_SetConfig                        0x080025fb   Thumb Code    20  stm32f1xx_hal_tim.o(i.TIM_ETR_SetConfig)
    TIM_OC2_SetConfig                        0x08002681   Thumb Code    98  stm32f1xx_hal_tim.o(i.TIM_OC2_SetConfig)
    UART_Start_Receive_DMA                   0x08002a69   Thumb Code    98  stm32f1xx_hal_uart.o(i.UART_Start_Receive_DMA)
    USART1_IRQHandler                        0x08002ad9   Thumb Code     6  stm32f1xx_it.o(i.USART1_IRQHandler)
    UsageFault_Handler                       0x08002ae5   Thumb Code     2  stm32f1xx_it.o(i.UsageFault_Handler)
    __ARM_fpclassify                         0x08002ae7   Thumb Code    40  fpclassify.o(i.__ARM_fpclassify)
    __kernel_poly                            0x08002b2f   Thumb Code   170  poly.o(i.__kernel_poly)
    __mathlib_dbl_infnan                     0x08002bd9   Thumb Code     6  dunder.o(i.__mathlib_dbl_infnan)
    __mathlib_dbl_invalid                    0x08002bdf   Thumb Code    12  dunder.o(i.__mathlib_dbl_invalid)
    __mathlib_dbl_underflow                  0x08002bed   Thumb Code    10  dunder.o(i.__mathlib_dbl_underflow)
    acos                                     0x08002bfd   Thumb Code   574  acos.o(i.acos)
    arm_control                              0x08002e79   Thumb Code   584  arm_task.o(i.arm_control)
    arm_init                                 0x080030e5   Thumb Code   416  arm_task.o(i.arm_init)
    arm_limit                                0x08003291   Thumb Code   144  arm_task.o(i.arm_limit)
    arm_tim_callback                         0x0800332d   Thumb Code     4  arm_task.o(i.arm_tim_callback)
    atan                                     0x08003331   Thumb Code   474  atan.o(i.atan)
    chassis_calc                             0x08003551   Thumb Code   110  chassis_task.o(i.chassis_calc)
    chassis_init                             0x080035c9   Thumb Code   118  chassis_task.o(i.chassis_init)
    chassis_tim_callback                     0x08003649   Thumb Code    14  chassis_task.o(i.chassis_tim_callback)
    degree2ccr                               0x08003659   Thumb Code    32  arm_task.o(i.degree2ccr)
    degree2radian                            0x08003685   Thumb Code    22  arm_task.o(i.degree2radian)
    frame_init                               0x080036a9   Thumb Code    18  init_config.o(i.frame_init)
    get_motor_speed                          0x080036bd   Thumb Code    36  motor_dev_1.o(i.get_motor_speed)
    main                                     0x080036e9   Thumb Code    54  main.o(i.main)
    motor_ctrl                               0x08003721   Thumb Code   296  motor_dev_1.o(i.motor_ctrl)
    motor_init                               0x08003861   Thumb Code   118  motor_dev_1.o(i.motor_init)
    move_arm                                 0x080038f1   Thumb Code   316  arm_task.o(i.move_arm)
    pid_calc                                 0x08003a45   Thumb Code   172  pid_util.o(i.pid_calc)
    pid_control                              0x08003af5   Thumb Code   114  chassis_task.o(i.pid_control)
    pid_data_reset                           0x08003b71   Thumb Code    26  pid_util.o(i.pid_data_reset)
    pid_set_fdb                              0x08003b8b   Thumb Code     4  pid_util.o(i.pid_set_fdb)
    pid_set_ref                              0x08003b8f   Thumb Code     4  pid_util.o(i.pid_set_ref)
    pid_set_value                            0x08003b93   Thumb Code    14  pid_util.o(i.pid_set_value)
    radian2ccr                               0x08003ba1   Thumb Code    50  arm_task.o(i.radian2ccr)
    remote_init                              0x08003bed   Thumb Code    28  remote_dev_1.o(i.remote_init)
    set_ccr                                  0x08003c11   Thumb Code    40  steering_engine_dev_1.o(i.set_ccr)
    sqrt                                     0x08003c39   Thumb Code    76  sqrt.o(i.sqrt)
    steering_engine_init                     0x08003c85   Thumb Code    18  steering_engine_dev_1.o(i.steering_engine_init)
    update_ccr                               0x08003c99   Thumb Code   414  arm_task.o(i.update_ccr)
    update_current_value                     0x08003e3d   Thumb Code    58  arm_task.o(i.update_current_value)
    update_speed                             0x08003e7d   Thumb Code    44  chassis_task.o(i.update_speed)
    __aeabi_dadd                             0x08003ebd   Thumb Code     0  daddsub_clz.o(x$fpl$dadd)
    _dadd                                    0x08003ebd   Thumb Code   332  daddsub_clz.o(x$fpl$dadd)
    __fpl_dcheck_NaN1                        0x0800400d   Thumb Code    10  dcheck1.o(x$fpl$dcheck1)
    __fpl_dcmp_Inf                           0x0800401d   Thumb Code    24  dcmpi.o(x$fpl$dcmpinf)
    __aeabi_ddiv                             0x08004035   Thumb Code     0  ddiv.o(x$fpl$ddiv)
    _ddiv                                    0x08004035   Thumb Code   552  ddiv.o(x$fpl$ddiv)
    __aeabi_d2iz                             0x080042e5   Thumb Code     0  dfix.o(x$fpl$dfix)
    _dfix                                    0x080042e5   Thumb Code    94  dfix.o(x$fpl$dfix)
    __aeabi_d2uiz                            0x08004345   Thumb Code     0  dfixu.o(x$fpl$dfixu)
    _dfixu                                   0x08004345   Thumb Code    90  dfixu.o(x$fpl$dfixu)
    __aeabi_i2d                              0x0800439f   Thumb Code     0  dflt_clz.o(x$fpl$dflt)
    _dflt                                    0x0800439f   Thumb Code    46  dflt_clz.o(x$fpl$dflt)
    __aeabi_cdcmple                          0x080043cd   Thumb Code     0  dleqf.o(x$fpl$dleqf)
    _dcmple                                  0x080043cd   Thumb Code   120  dleqf.o(x$fpl$dleqf)
    __fpl_dcmple_InfNaN                      0x0800442f   Thumb Code     0  dleqf.o(x$fpl$dleqf)
    __aeabi_dmul                             0x08004445   Thumb Code     0  dmul.o(x$fpl$dmul)
    _dmul                                    0x08004445   Thumb Code   332  dmul.o(x$fpl$dmul)
    __fpl_dnaninf                            0x08004599   Thumb Code   156  dnaninf.o(x$fpl$dnaninf)
    __fpl_dretinf                            0x08004635   Thumb Code    12  dretinf.o(x$fpl$dretinf)
    __aeabi_cdrcmple                         0x08004641   Thumb Code     0  drleqf.o(x$fpl$drleqf)
    _drcmple                                 0x08004641   Thumb Code   108  drleqf.o(x$fpl$drleqf)
    __aeabi_drsub                            0x080046ad   Thumb Code     0  daddsub_clz.o(x$fpl$drsb)
    _drsb                                    0x080046ad   Thumb Code    22  daddsub_clz.o(x$fpl$drsb)
    _dsqrt                                   0x080046c5   Thumb Code   456  dsqrt_noumaal.o(x$fpl$dsqrt)
    __aeabi_dsub                             0x08004891   Thumb Code     0  daddsub_clz.o(x$fpl$dsub)
    _dsub                                    0x08004891   Thumb Code   464  daddsub_clz.o(x$fpl$dsub)
    __aeabi_f2d                              0x08004a65   Thumb Code     0  f2d.o(x$fpl$f2d)
    _f2d                                     0x08004a65   Thumb Code    86  f2d.o(x$fpl$f2d)
    __aeabi_fadd                             0x08004abd   Thumb Code     0  faddsub_clz.o(x$fpl$fadd)
    _fadd                                    0x08004abd   Thumb Code   196  faddsub_clz.o(x$fpl$fadd)
    __fpl_fcmp_Inf                           0x08004b81   Thumb Code    24  fcmpi.o(x$fpl$fcmpinf)
    __aeabi_fdiv                             0x08004b99   Thumb Code     0  fdiv.o(x$fpl$fdiv)
    _fdiv                                    0x08004b99   Thumb Code   384  fdiv.o(x$fpl$fdiv)
    __aeabi_f2iz                             0x08004d1d   Thumb Code     0  ffix.o(x$fpl$ffix)
    _ffix                                    0x08004d1d   Thumb Code    54  ffix.o(x$fpl$ffix)
    __aeabi_i2f                              0x08004d55   Thumb Code     0  fflt_clz.o(x$fpl$fflt)
    _fflt                                    0x08004d55   Thumb Code    48  fflt_clz.o(x$fpl$fflt)
    __aeabi_cfcmple                          0x08004d85   Thumb Code     0  fleqf.o(x$fpl$fleqf)
    _fcmple                                  0x08004d85   Thumb Code   104  fleqf.o(x$fpl$fleqf)
    __fpl_fcmple_InfNaN                      0x08004dd7   Thumb Code     0  fleqf.o(x$fpl$fleqf)
    __aeabi_fmul                             0x08004ded   Thumb Code     0  fmul.o(x$fpl$fmul)
    _fmul                                    0x08004ded   Thumb Code   258  fmul.o(x$fpl$fmul)
    __fpl_fnaninf                            0x08004eef   Thumb Code   140  fnaninf.o(x$fpl$fnaninf)
    __fpl_fretinf                            0x08004f7b   Thumb Code    10  fretinf.o(x$fpl$fretinf)
    __aeabi_cfrcmple                         0x08004f85   Thumb Code     0  frleqf.o(x$fpl$frleqf)
    _frcmple                                 0x08004f85   Thumb Code    98  frleqf.o(x$fpl$frleqf)
    __aeabi_fsub                             0x08004fe9   Thumb Code     0  faddsub_clz.o(x$fpl$fsub)
    _fsub                                    0x08004fe9   Thumb Code   234  faddsub_clz.o(x$fpl$fsub)
    __fpl_return_NaN                         0x080050d3   Thumb Code   100  retnan.o(x$fpl$retnan)
    __ARM_scalbn                             0x08005137   Thumb Code    92  scalbn.o(x$fpl$scalbn)
    __fpl_cmpreturn                          0x08005193   Thumb Code    48  trapv.o(x$fpl$trapveneer)
    AHBPrescTable                            0x080051c2   Data          16  system_stm32f1xx.o(.constdata)
    __I$use$fp                               0x080051c2   Number         0  usenofp.o(x$fpl$usenofp)
    APBPrescTable                            0x080051d2   Data           8  system_stm32f1xx.o(.constdata)
    Region$$Table$$Base                      0x080052c8   Number         0  anon$$obj.o(Region$$Table)
    Region$$Table$$Limit                     0x080052e8   Number         0  anon$$obj.o(Region$$Table)
    uwTickFreq                               0x20000000   Data           1  stm32f1xx_hal.o(.data)
    uwTickPrio                               0x20000004   Data           4  stm32f1xx_hal.o(.data)
    uwTick                                   0x20000008   Data           4  stm32f1xx_hal.o(.data)
    SystemCoreClock                          0x2000000c   Data           4  system_stm32f1xx.o(.data)
    encoder_count                            0x20000010   Data           4  motor_dev_1.o(.data)
    err                                      0x20000014   Data           4  pid_util.o(.data)
    err2                                     0x20000018   Data           4  pid_util.o(.data)
    current_x                                0x20000020   Data           8  arm_task.o(.data)
    current_y                                0x20000028   Data           8  arm_task.o(.data)
    current_degree                           0x20000030   Data           8  arm_task.o(.data)
    current_hand                             0x20000038   Data           8  arm_task.o(.data)
    current_alpha                            0x20000040   Data           8  arm_task.o(.data)
    current_beta                             0x20000048   Data           8  arm_task.o(.data)
    current_gamma                            0x20000050   Data           8  arm_task.o(.data)
    htim1                                    0x20000058   Data          72  tim.o(.bss)
    htim2                                    0x200000a0   Data          72  tim.o(.bss)
    htim3                                    0x200000e8   Data          72  tim.o(.bss)
    htim4                                    0x20000130   Data          72  tim.o(.bss)
    htim5                                    0x20000178   Data          72  tim.o(.bss)
    htim6                                    0x200001c0   Data          72  tim.o(.bss)
    htim8                                    0x20000208   Data          72  tim.o(.bss)
    huart1                                   0x20000250   Data          68  usart.o(.bss)
    hdma_usart1_rx                           0x20000294   Data          68  usart.o(.bss)
    hdma_usart1_tx                           0x200002d8   Data          68  usart.o(.bss)
    remote_info                              0x2000031c   Data          36  remote_dev_1.o(.bss)
    PS2_Data                                 0x20000340   Data          21  ps2_dev.o(.bss)
    PS2_RawData                              0x20000355   Data           9  ps2_dev.o(.bss)
    chassis_info                             0x20000360   Data         192  chassis_task.o(.bss)
    __libspace_start                         0x20000420   Data          96  libspace.o(.bss)
    __temporary_stack_top$libspace           0x20000480   Data           0  libspace.o(.bss)



==============================================================================

Memory Map of the image

  Image Entry point : 0x08000131

  Load Region LR_IROM1 (Base: 0x08000000, Size: 0x00005340, Max: 0x00080000, ABSOLUTE)

    Execution Region ER_IROM1 (Exec base: 0x08000000, Load base: 0x08000000, Size: 0x000052e8, Max: 0x00080000, ABSOLUTE)

    Exec Addr    Load Addr    Size         Type   Attr      Idx    E Section Name        Object

    0x08000000   0x08000000   0x00000130   Data   RO            3    RESET               startup_stm32f103xe.o
    0x08000130   0x08000130   0x00000008   Code   RO         3294  * !!!main             c_w.l(__main.o)
    0x08000138   0x08000138   0x00000034   Code   RO         3585    !!!scatter          c_w.l(__scatter.o)
    0x0800016c   0x0800016c   0x0000001a   Code   RO         3587    !!handler_copy      c_w.l(__scatter_copy.o)
    0x08000186   0x08000186   0x00000002   PAD
    0x08000188   0x08000188   0x0000001c   Code   RO         3589    !!handler_zi        c_w.l(__scatter_zi.o)
    0x080001a4   0x080001a4   0x00000002   Code   RO         3454    .ARM.Collect$$libinit$$00000000  c_w.l(libinit.o)
    0x080001a6   0x080001a6   0x00000000   Code   RO         3460    .ARM.Collect$$libinit$$00000002  c_w.l(libinit2.o)
    0x080001a6   0x080001a6   0x00000000   Code   RO         3462    .ARM.Collect$$libinit$$00000004  c_w.l(libinit2.o)
    0x080001a6   0x080001a6   0x00000000   Code   RO         3465    .ARM.Collect$$libinit$$0000000A  c_w.l(libinit2.o)
    0x080001a6   0x080001a6   0x00000000   Code   RO         3467    .ARM.Collect$$libinit$$0000000C  c_w.l(libinit2.o)
    0x080001a6   0x080001a6   0x00000000   Code   RO         3469    .ARM.Collect$$libinit$$0000000E  c_w.l(libinit2.o)
    0x080001a6   0x080001a6   0x00000000   Code   RO         3472    .ARM.Collect$$libinit$$00000011  c_w.l(libinit2.o)
    0x080001a6   0x080001a6   0x00000000   Code   RO         3474    .ARM.Collect$$libinit$$00000013  c_w.l(libinit2.o)
    0x080001a6   0x080001a6   0x00000000   Code   RO         3476    .ARM.Collect$$libinit$$00000015  c_w.l(libinit2.o)
    0x080001a6   0x080001a6   0x00000000   Code   RO         3478    .ARM.Collect$$libinit$$00000017  c_w.l(libinit2.o)
    0x080001a6   0x080001a6   0x00000000   Code   RO         3480    .ARM.Collect$$libinit$$00000019  c_w.l(libinit2.o)
    0x080001a6   0x080001a6   0x00000000   Code   RO         3482    .ARM.Collect$$libinit$$0000001B  c_w.l(libinit2.o)
    0x080001a6   0x080001a6   0x00000000   Code   RO         3484    .ARM.Collect$$libinit$$0000001D  c_w.l(libinit2.o)
    0x080001a6   0x080001a6   0x00000000   Code   RO         3486    .ARM.Collect$$libinit$$0000001F  c_w.l(libinit2.o)
    0x080001a6   0x080001a6   0x00000000   Code   RO         3488    .ARM.Collect$$libinit$$00000021  c_w.l(libinit2.o)
    0x080001a6   0x080001a6   0x00000000   Code   RO         3490    .ARM.Collect$$libinit$$00000023  c_w.l(libinit2.o)
    0x080001a6   0x080001a6   0x00000000   Code   RO         3492    .ARM.Collect$$libinit$$00000025  c_w.l(libinit2.o)
    0x080001a6   0x080001a6   0x00000000   Code   RO         3496    .ARM.Collect$$libinit$$0000002C  c_w.l(libinit2.o)
    0x080001a6   0x080001a6   0x00000000   Code   RO         3498    .ARM.Collect$$libinit$$0000002E  c_w.l(libinit2.o)
    0x080001a6   0x080001a6   0x00000000   Code   RO         3500    .ARM.Collect$$libinit$$00000030  c_w.l(libinit2.o)
    0x080001a6   0x080001a6   0x00000000   Code   RO         3502    .ARM.Collect$$libinit$$00000032  c_w.l(libinit2.o)
    0x080001a6   0x080001a6   0x00000002   Code   RO         3503    .ARM.Collect$$libinit$$00000033  c_w.l(libinit2.o)
    0x080001a8   0x080001a8   0x00000002   Code   RO         3525    .ARM.Collect$$libshutdown$$00000000  c_w.l(libshutdown.o)
    0x080001aa   0x080001aa   0x00000000   Code   RO         3538    .ARM.Collect$$libshutdown$$00000002  c_w.l(libshutdown2.o)
    0x080001aa   0x080001aa   0x00000000   Code   RO         3540    .ARM.Collect$$libshutdown$$00000004  c_w.l(libshutdown2.o)
    0x080001aa   0x080001aa   0x00000000   Code   RO         3543    .ARM.Collect$$libshutdown$$00000007  c_w.l(libshutdown2.o)
    0x080001aa   0x080001aa   0x00000000   Code   RO         3546    .ARM.Collect$$libshutdown$$0000000A  c_w.l(libshutdown2.o)
    0x080001aa   0x080001aa   0x00000000   Code   RO         3548    .ARM.Collect$$libshutdown$$0000000C  c_w.l(libshutdown2.o)
    0x080001aa   0x080001aa   0x00000000   Code   RO         3551    .ARM.Collect$$libshutdown$$0000000F  c_w.l(libshutdown2.o)
    0x080001aa   0x080001aa   0x00000002   Code   RO         3552    .ARM.Collect$$libshutdown$$00000010  c_w.l(libshutdown2.o)
    0x080001ac   0x080001ac   0x00000000   Code   RO         3380    .ARM.Collect$$rtentry$$00000000  c_w.l(__rtentry.o)
    0x080001ac   0x080001ac   0x00000000   Code   RO         3419    .ARM.Collect$$rtentry$$00000002  c_w.l(__rtentry2.o)
    0x080001ac   0x080001ac   0x00000006   Code   RO         3431    .ARM.Collect$$rtentry$$00000004  c_w.l(__rtentry4.o)
    0x080001b2   0x080001b2   0x00000000   Code   RO         3421    .ARM.Collect$$rtentry$$00000009  c_w.l(__rtentry2.o)
    0x080001b2   0x080001b2   0x00000004   Code   RO         3422    .ARM.Collect$$rtentry$$0000000A  c_w.l(__rtentry2.o)
    0x080001b6   0x080001b6   0x00000000   Code   RO         3424    .ARM.Collect$$rtentry$$0000000C  c_w.l(__rtentry2.o)
    0x080001b6   0x080001b6   0x00000008   Code   RO         3425    .ARM.Collect$$rtentry$$0000000D  c_w.l(__rtentry2.o)
    0x080001be   0x080001be   0x00000002   Code   RO         3457    .ARM.Collect$$rtexit$$00000000  c_w.l(rtexit.o)
    0x080001c0   0x080001c0   0x00000000   Code   RO         3507    .ARM.Collect$$rtexit$$00000002  c_w.l(rtexit2.o)
    0x080001c0   0x080001c0   0x00000004   Code   RO         3508    .ARM.Collect$$rtexit$$00000003  c_w.l(rtexit2.o)
    0x080001c4   0x080001c4   0x00000006   Code   RO         3509    .ARM.Collect$$rtexit$$00000004  c_w.l(rtexit2.o)
    0x080001ca   0x080001ca   0x00000002   PAD
    0x080001cc   0x080001cc   0x00000040   Code   RO            4    .text               startup_stm32f103xe.o
    0x0800020c   0x0800020c   0x00000064   Code   RO         3288    .text               c_w.l(rt_memcpy_w.o)
    0x08000270   0x08000270   0x0000004e   Code   RO         3290    .text               c_w.l(rt_memclr_w.o)
    0x080002be   0x080002be   0x00000006   Code   RO         3292    .text               c_w.l(heapauxi.o)
    0x080002c4   0x080002c4   0x00000016   Code   RO         3381    .text               c_w.l(_rserrno.o)
    0x080002da   0x080002da   0x00000002   PAD
    0x080002dc   0x080002dc   0x00000008   Code   RO         3436    .text               c_w.l(rt_errno_addr_intlibspace.o)
    0x080002e4   0x080002e4   0x00000008   Code   RO         3442    .text               c_w.l(libspace.o)
    0x080002ec   0x080002ec   0x0000004a   Code   RO         3445    .text               c_w.l(sys_stackheap_outer.o)
    0x08000336   0x08000336   0x00000012   Code   RO         3447    .text               c_w.l(exit.o)
    0x08000348   0x08000348   0x0000000c   Code   RO         3517    .text               c_w.l(sys_exit.o)
    0x08000354   0x08000354   0x00000002   Code   RO         3528    .text               c_w.l(use_no_semi.o)
    0x08000356   0x08000356   0x00000000   Code   RO         3530    .text               c_w.l(indicate_semi.o)
    0x08000356   0x08000356   0x00000002   Code   RO          376    i.BusFault_Handler  stm32f1xx_it.o
    0x08000358   0x08000358   0x0000000c   Code   RO          377    i.DMA1_Channel4_IRQHandler  stm32f1xx_it.o
    0x08000364   0x08000364   0x0000000c   Code   RO          378    i.DMA1_Channel5_IRQHandler  stm32f1xx_it.o
    0x08000370   0x08000370   0x0000002a   Code   RO         1887    i.DMA_SetConfig     stm32f1xx_hal_dma.o
    0x0800039a   0x0800039a   0x00000002   Code   RO          379    i.DebugMon_Handler  stm32f1xx_it.o
    0x0800039c   0x0800039c   0x00000004   Code   RO           13    i.Error_Handler     main.o
    0x080003a0   0x080003a0   0x00000046   Code   RO         1888    i.HAL_DMA_Abort     stm32f1xx_hal_dma.o
    0x080003e6   0x080003e6   0x00000002   PAD
    0x080003e8   0x080003e8   0x00000130   Code   RO         1889    i.HAL_DMA_Abort_IT  stm32f1xx_hal_dma.o
    0x08000518   0x08000518   0x00000248   Code   RO         1893    i.HAL_DMA_IRQHandler  stm32f1xx_hal_dma.o
    0x08000760   0x08000760   0x0000007c   Code   RO         1894    i.HAL_DMA_Init      stm32f1xx_hal_dma.o
    0x080007dc   0x080007dc   0x00000070   Code   RO         1898    i.HAL_DMA_Start_IT  stm32f1xx_hal_dma.o
    0x0800084c   0x0800084c   0x000001f8   Code   RO         1824    i.HAL_GPIO_Init     stm32f1xx_hal_gpio.o
    0x08000a44   0x08000a44   0x0000000a   Code   RO         1826    i.HAL_GPIO_ReadPin  stm32f1xx_hal_gpio.o
    0x08000a4e   0x08000a4e   0x0000000a   Code   RO         1828    i.HAL_GPIO_WritePin  stm32f1xx_hal_gpio.o
    0x08000a58   0x08000a58   0x0000000c   Code   RO         1520    i.HAL_GetTick       stm32f1xx_hal.o
    0x08000a64   0x08000a64   0x00000010   Code   RO         1526    i.HAL_IncTick       stm32f1xx_hal.o
    0x08000a74   0x08000a74   0x00000024   Code   RO         1527    i.HAL_Init          stm32f1xx_hal.o
    0x08000a98   0x08000a98   0x00000040   Code   RO         1528    i.HAL_InitTick      stm32f1xx_hal.o
    0x08000ad8   0x08000ad8   0x0000003c   Code   RO          476    i.HAL_MspInit       stm32f1xx_hal_msp.o
    0x08000b14   0x08000b14   0x0000001a   Code   RO         1984    i.HAL_NVIC_EnableIRQ  stm32f1xx_hal_cortex.o
    0x08000b2e   0x08000b2e   0x00000002   PAD
    0x08000b30   0x08000b30   0x00000040   Code   RO         1990    i.HAL_NVIC_SetPriority  stm32f1xx_hal_cortex.o
    0x08000b70   0x08000b70   0x00000024   Code   RO         1991    i.HAL_NVIC_SetPriorityGrouping  stm32f1xx_hal_cortex.o
    0x08000b94   0x08000b94   0x0000012c   Code   RO         1684    i.HAL_RCC_ClockConfig  stm32f1xx_hal_rcc.o
    0x08000cc0   0x08000cc0   0x00000020   Code   RO         1691    i.HAL_RCC_GetPCLK1Freq  stm32f1xx_hal_rcc.o
    0x08000ce0   0x08000ce0   0x00000020   Code   RO         1692    i.HAL_RCC_GetPCLK2Freq  stm32f1xx_hal_rcc.o
    0x08000d00   0x08000d00   0x0000006c   Code   RO         1693    i.HAL_RCC_GetSysClockFreq  stm32f1xx_hal_rcc.o
    0x08000d6c   0x08000d6c   0x00000320   Code   RO         1696    i.HAL_RCC_OscConfig  stm32f1xx_hal_rcc.o
    0x0800108c   0x0800108c   0x00000028   Code   RO         1995    i.HAL_SYSTICK_Config  stm32f1xx_hal_cortex.o
    0x080010b4   0x080010b4   0x00000002   Code   RO         1242    i.HAL_TIMEx_BreakCallback  stm32f1xx_hal_tim_ex.o
    0x080010b6   0x080010b6   0x00000002   Code   RO         1243    i.HAL_TIMEx_CommutCallback  stm32f1xx_hal_tim_ex.o
    0x080010b8   0x080010b8   0x00000054   Code   RO         1245    i.HAL_TIMEx_ConfigBreakDeadTime  stm32f1xx_hal_tim_ex.o
    0x0800110c   0x0800110c   0x0000007c   Code   RO         1261    i.HAL_TIMEx_MasterConfigSynchronization  stm32f1xx_hal_tim_ex.o
    0x08001188   0x08001188   0x0000005a   Code   RO          538    i.HAL_TIM_Base_Init  stm32f1xx_hal_tim.o
    0x080011e2   0x080011e2   0x00000002   PAD
    0x080011e4   0x080011e4   0x0000006c   Code   RO          239    i.HAL_TIM_Base_MspInit  tim.o
    0x08001250   0x08001250   0x0000006c   Code   RO          543    i.HAL_TIM_Base_Start_IT  stm32f1xx_hal_tim.o
    0x080012bc   0x080012bc   0x000000d6   Code   RO          547    i.HAL_TIM_ConfigClockSource  stm32f1xx_hal_tim.o
    0x08001392   0x08001392   0x000000a4   Code   RO          559    i.HAL_TIM_Encoder_Init  stm32f1xx_hal_tim.o
    0x08001436   0x08001436   0x00000002   PAD
    0x08001438   0x08001438   0x0000010c   Code   RO          241    i.HAL_TIM_Encoder_MspInit  tim.o
    0x08001544   0x08001544   0x0000008e   Code   RO          562    i.HAL_TIM_Encoder_Start  stm32f1xx_hal_tim.o
    0x080015d2   0x080015d2   0x00000002   Code   RO          572    i.HAL_TIM_IC_CaptureCallback  stm32f1xx_hal_tim.o
    0x080015d4   0x080015d4   0x00000166   Code   RO          586    i.HAL_TIM_IRQHandler  stm32f1xx_hal_tim.o
    0x0800173a   0x0800173a   0x00000002   PAD
    0x0800173c   0x0800173c   0x000000c4   Code   RO          242    i.HAL_TIM_MspPostInit  tim.o
    0x08001800   0x08001800   0x00000002   Code   RO          589    i.HAL_TIM_OC_DelayElapsedCallback  stm32f1xx_hal_tim.o
    0x08001802   0x08001802   0x000000c6   Code   RO          610    i.HAL_TIM_PWM_ConfigChannel  stm32f1xx_hal_tim.o
    0x080018c8   0x080018c8   0x0000005a   Code   RO          613    i.HAL_TIM_PWM_Init  stm32f1xx_hal_tim.o
    0x08001922   0x08001922   0x00000002   Code   RO          615    i.HAL_TIM_PWM_MspInit  stm32f1xx_hal_tim.o
    0x08001924   0x08001924   0x00000002   Code   RO          616    i.HAL_TIM_PWM_PulseFinishedCallback  stm32f1xx_hal_tim.o
    0x08001926   0x08001926   0x00000002   PAD
    0x08001928   0x08001928   0x000000b4   Code   RO          618    i.HAL_TIM_PWM_Start  stm32f1xx_hal_tim.o
    0x080019dc   0x080019dc   0x00000020   Code   RO         2906    i.HAL_TIM_PeriodElapsedCallback  callback_config.o
    0x080019fc   0x080019fc   0x00000002   Code   RO          629    i.HAL_TIM_TriggerCallback  stm32f1xx_hal_tim.o
    0x080019fe   0x080019fe   0x0000004a   Code   RO         2493    i.HAL_UARTEx_ReceiveToIdle_DMA  stm32f1xx_hal_uart.o
    0x08001a48   0x08001a48   0x00000002   Code   RO         2907    i.HAL_UARTEx_RxEventCallback  callback_config.o
    0x08001a4a   0x08001a4a   0x00000002   Code   RO         2509    i.HAL_UART_ErrorCallback  stm32f1xx_hal_uart.o
    0x08001a4c   0x08001a4c   0x0000020c   Code   RO         2512    i.HAL_UART_IRQHandler  stm32f1xx_hal_uart.o
    0x08001c58   0x08001c58   0x00000062   Code   RO         2513    i.HAL_UART_Init     stm32f1xx_hal_uart.o
    0x08001cba   0x08001cba   0x00000002   PAD
    0x08001cbc   0x08001cbc   0x000000dc   Code   RO          335    i.HAL_UART_MspInit  usart.o
    0x08001d98   0x08001d98   0x00000002   Code   RO         2519    i.HAL_UART_RxCpltCallback  stm32f1xx_hal_uart.o
    0x08001d9a   0x08001d9a   0x00000002   Code   RO         2520    i.HAL_UART_RxHalfCpltCallback  stm32f1xx_hal_uart.o
    0x08001d9c   0x08001d9c   0x00000002   Code   RO         2524    i.HAL_UART_TxCpltCallback  stm32f1xx_hal_uart.o
    0x08001d9e   0x08001d9e   0x00000002   Code   RO          380    i.HardFault_Handler  stm32f1xx_it.o
    0x08001da0   0x08001da0   0x0000003c   Code   RO          214    i.MX_DMA_Init       dma.o
    0x08001ddc   0x08001ddc   0x00000140   Code   RO          190    i.MX_GPIO_Init      gpio.o
    0x08001f1c   0x08001f1c   0x000000f8   Code   RO          243    i.MX_TIM1_Init      tim.o
    0x08002014   0x08002014   0x000000c8   Code   RO          244    i.MX_TIM2_Init      tim.o
    0x080020dc   0x080020dc   0x0000006c   Code   RO          245    i.MX_TIM3_Init      tim.o
    0x08002148   0x08002148   0x0000006c   Code   RO          246    i.MX_TIM4_Init      tim.o
    0x080021b4   0x080021b4   0x0000006c   Code   RO          247    i.MX_TIM5_Init      tim.o
    0x08002220   0x08002220   0x00000048   Code   RO          248    i.MX_TIM6_Init      tim.o
    0x08002268   0x08002268   0x0000006c   Code   RO          249    i.MX_TIM8_Init      tim.o
    0x080022d4   0x080022d4   0x00000038   Code   RO          336    i.MX_USART1_UART_Init  usart.o
    0x0800230c   0x0800230c   0x00000002   Code   RO          381    i.MemManage_Handler  stm32f1xx_it.o
    0x0800230e   0x0800230e   0x00000002   Code   RO          382    i.NMI_Handler       stm32f1xx_it.o
    0x08002310   0x08002310   0x0000010c   Code   RO         3059    i.PS2_Decode        ps2_dev.o
    0x0800241c   0x0800241c   0x0000000c   Code   RO         3060    i.PS2_Delay         ps2_dev.o
    0x08002428   0x08002428   0x0000004c   Code   RO         3061    i.PS2_Read_Data     ps2_dev.o
    0x08002474   0x08002474   0x0000006c   Code   RO         3062    i.PS2_Rx_and_Tx     ps2_dev.o
    0x080024e0   0x080024e0   0x00000002   Code   RO          383    i.PendSV_Handler    stm32f1xx_it.o
    0x080024e2   0x080024e2   0x00000002   Code   RO          384    i.SVC_Handler       stm32f1xx_it.o
    0x080024e4   0x080024e4   0x00000004   Code   RO          385    i.SysTick_Handler   stm32f1xx_it.o
    0x080024e8   0x080024e8   0x0000005e   Code   RO           14    i.SystemClock_Config  main.o
    0x08002546   0x08002546   0x00000002   Code   RO         2842    i.SystemInit        system_stm32f1xx.o
    0x08002548   0x08002548   0x0000000c   Code   RO          386    i.TIM6_IRQHandler   stm32f1xx_it.o
    0x08002554   0x08002554   0x0000008c   Code   RO          631    i.TIM_Base_SetConfig  stm32f1xx_hal_tim.o
    0x080025e0   0x080025e0   0x0000001a   Code   RO          632    i.TIM_CCxChannelCmd  stm32f1xx_hal_tim.o
    0x080025fa   0x080025fa   0x00000014   Code   RO          642    i.TIM_ETR_SetConfig  stm32f1xx_hal_tim.o
    0x0800260e   0x0800260e   0x00000010   Code   RO          643    i.TIM_ITRx_SetConfig  stm32f1xx_hal_tim.o
    0x0800261e   0x0800261e   0x00000002   PAD
    0x08002620   0x08002620   0x00000060   Code   RO          644    i.TIM_OC1_SetConfig  stm32f1xx_hal_tim.o
    0x08002680   0x08002680   0x0000006c   Code   RO          645    i.TIM_OC2_SetConfig  stm32f1xx_hal_tim.o
    0x080026ec   0x080026ec   0x00000068   Code   RO          646    i.TIM_OC3_SetConfig  stm32f1xx_hal_tim.o
    0x08002754   0x08002754   0x00000050   Code   RO          647    i.TIM_OC4_SetConfig  stm32f1xx_hal_tim.o
    0x080027a4   0x080027a4   0x00000022   Code   RO          649    i.TIM_TI1_ConfigInputStage  stm32f1xx_hal_tim.o
    0x080027c6   0x080027c6   0x00000024   Code   RO          651    i.TIM_TI2_ConfigInputStage  stm32f1xx_hal_tim.o
    0x080027ea   0x080027ea   0x00000010   Code   RO         2526    i.UART_DMAAbortOnError  stm32f1xx_hal_uart.o
    0x080027fa   0x080027fa   0x0000004a   Code   RO         2527    i.UART_DMAError     stm32f1xx_hal_uart.o
    0x08002844   0x08002844   0x0000005a   Code   RO         2528    i.UART_DMAReceiveCplt  stm32f1xx_hal_uart.o
    0x0800289e   0x0800289e   0x0000001a   Code   RO         2530    i.UART_DMARxHalfCplt  stm32f1xx_hal_uart.o
    0x080028b8   0x080028b8   0x00000030   Code   RO         2536    i.UART_EndRxTransfer  stm32f1xx_hal_uart.o
    0x080028e8   0x080028e8   0x00000012   Code   RO         2537    i.UART_EndTxTransfer  stm32f1xx_hal_uart.o
    0x080028fa   0x080028fa   0x000000b6   Code   RO         2538    i.UART_Receive_IT   stm32f1xx_hal_uart.o
    0x080029b0   0x080029b0   0x000000b8   Code   RO         2539    i.UART_SetConfig    stm32f1xx_hal_uart.o
    0x08002a68   0x08002a68   0x00000070   Code   RO         2540    i.UART_Start_Receive_DMA  stm32f1xx_hal_uart.o
    0x08002ad8   0x08002ad8   0x0000000c   Code   RO          387    i.USART1_IRQHandler  stm32f1xx_it.o
    0x08002ae4   0x08002ae4   0x00000002   Code   RO          388    i.UsageFault_Handler  stm32f1xx_it.o
    0x08002ae6   0x08002ae6   0x00000028   Code   RO         3414    i.__ARM_fpclassify  m_ws.l(fpclassify.o)
    0x08002b0e   0x08002b0e   0x00000020   Code   RO         1997    i.__NVIC_SetPriority  stm32f1xx_hal_cortex.o
    0x08002b2e   0x08002b2e   0x000000aa   Code   RO         3416    i.__kernel_poly     m_ws.l(poly.o)
    0x08002bd8   0x08002bd8   0x00000006   Code   RO         3401    i.__mathlib_dbl_infnan  m_ws.l(dunder.o)
    0x08002bde   0x08002bde   0x0000000c   Code   RO         3403    i.__mathlib_dbl_invalid  m_ws.l(dunder.o)
    0x08002bea   0x08002bea   0x00000002   PAD
    0x08002bec   0x08002bec   0x00000010   Code   RO         3406    i.__mathlib_dbl_underflow  m_ws.l(dunder.o)
    0x08002bfc   0x08002bfc   0x0000027c   Code   RO         3353    i.acos              m_ws.l(acos.o)
    0x08002e78   0x08002e78   0x0000026c   Code   RO         3149    i.arm_control       arm_task.o
    0x080030e4   0x080030e4   0x000001ac   Code   RO         3150    i.arm_init          arm_task.o
    0x08003290   0x08003290   0x0000009c   Code   RO         3151    i.arm_limit         arm_task.o
    0x0800332c   0x0800332c   0x00000004   Code   RO         3152    i.arm_tim_callback  arm_task.o
    0x08003330   0x08003330   0x00000220   Code   RO         3363    i.atan              m_ws.l(atan.o)
    0x08003550   0x08003550   0x00000078   Code   RO         3233    i.chassis_calc      chassis_task.o
    0x080035c8   0x080035c8   0x00000080   Code   RO         3234    i.chassis_init      chassis_task.o
    0x08003648   0x08003648   0x0000000e   Code   RO         3235    i.chassis_tim_callback  chassis_task.o
    0x08003656   0x08003656   0x00000002   PAD
    0x08003658   0x08003658   0x0000002c   Code   RO         3153    i.degree2ccr        arm_task.o
    0x08003684   0x08003684   0x00000024   Code   RO         3154    i.degree2radian     arm_task.o
    0x080036a8   0x080036a8   0x00000012   Code   RO         2879    i.frame_init        init_config.o
    0x080036ba   0x080036ba   0x00000002   PAD
    0x080036bc   0x080036bc   0x0000002c   Code   RO         2942    i.get_motor_speed   motor_dev_1.o
    0x080036e8   0x080036e8   0x00000036   Code   RO           15    i.main              main.o
    0x0800371e   0x0800371e   0x00000002   PAD
    0x08003720   0x08003720   0x00000140   Code   RO         2943    i.motor_ctrl        motor_dev_1.o
    0x08003860   0x08003860   0x00000090   Code   RO         2944    i.motor_init        motor_dev_1.o
    0x080038f0   0x080038f0   0x00000154   Code   RO         3155    i.move_arm          arm_task.o
    0x08003a44   0x08003a44   0x000000b0   Code   RO         3104    i.pid_calc          pid_util.o
    0x08003af4   0x08003af4   0x0000007c   Code   RO         3236    i.pid_control       chassis_task.o
    0x08003b70   0x08003b70   0x0000001a   Code   RO         3105    i.pid_data_reset    pid_util.o
    0x08003b8a   0x08003b8a   0x00000004   Code   RO         3106    i.pid_set_fdb       pid_util.o
    0x08003b8e   0x08003b8e   0x00000004   Code   RO         3107    i.pid_set_ref       pid_util.o
    0x08003b92   0x08003b92   0x0000000e   Code   RO         3108    i.pid_set_value     pid_util.o
    0x08003ba0   0x08003ba0   0x0000004c   Code   RO         3156    i.radian2ccr        arm_task.o
    0x08003bec   0x08003bec   0x00000024   Code   RO         2985    i.remote_init       remote_dev_1.o
    0x08003c10   0x08003c10   0x00000028   Code   RO         3026    i.set_ccr           steering_engine_dev_1.o
    0x08003c38   0x08003c38   0x0000004c   Code   RO         3373    i.sqrt              m_ws.l(sqrt.o)
    0x08003c84   0x08003c84   0x00000012   Code   RO         3027    i.steering_engine_init  steering_engine_dev_1.o
    0x08003c96   0x08003c96   0x00000002   PAD
    0x08003c98   0x08003c98   0x000001a4   Code   RO         3157    i.update_ccr        arm_task.o
    0x08003e3c   0x08003e3c   0x00000040   Code   RO         3158    i.update_current_value  arm_task.o
    0x08003e7c   0x08003e7c   0x00000040   Code   RO         3237    i.update_speed      chassis_task.o
    0x08003ebc   0x08003ebc   0x00000150   Code   RO         3296    x$fpl$dadd          fz_ws.l(daddsub_clz.o)
    0x0800400c   0x0800400c   0x00000010   Code   RO         3438    x$fpl$dcheck1       fz_ws.l(dcheck1.o)
    0x0800401c   0x0800401c   0x00000018   Code   RO         3383    x$fpl$dcmpinf       fz_ws.l(dcmpi.o)
    0x08004034   0x08004034   0x000002b0   Code   RO         3303    x$fpl$ddiv          fz_ws.l(ddiv.o)
    0x080042e4   0x080042e4   0x0000005e   Code   RO         3306    x$fpl$dfix          fz_ws.l(dfix.o)
    0x08004342   0x08004342   0x00000002   PAD
    0x08004344   0x08004344   0x0000005a   Code   RO         3310    x$fpl$dfixu         fz_ws.l(dfixu.o)
    0x0800439e   0x0800439e   0x0000002e   Code   RO         3315    x$fpl$dflt          fz_ws.l(dflt_clz.o)
    0x080043cc   0x080043cc   0x00000078   Code   RO         3320    x$fpl$dleqf         fz_ws.l(dleqf.o)
    0x08004444   0x08004444   0x00000154   Code   RO         3322    x$fpl$dmul          fz_ws.l(dmul.o)
    0x08004598   0x08004598   0x0000009c   Code   RO         3385    x$fpl$dnaninf       fz_ws.l(dnaninf.o)
    0x08004634   0x08004634   0x0000000c   Code   RO         3387    x$fpl$dretinf       fz_ws.l(dretinf.o)
    0x08004640   0x08004640   0x0000006c   Code   RO         3324    x$fpl$drleqf        fz_ws.l(drleqf.o)
    0x080046ac   0x080046ac   0x00000016   Code   RO         3297    x$fpl$drsb          fz_ws.l(daddsub_clz.o)
    0x080046c2   0x080046c2   0x00000002   PAD
    0x080046c4   0x080046c4   0x000001cc   Code   RO         3389    x$fpl$dsqrt         fz_ws.l(dsqrt_noumaal.o)
    0x08004890   0x08004890   0x000001d4   Code   RO         3298    x$fpl$dsub          fz_ws.l(daddsub_clz.o)
    0x08004a64   0x08004a64   0x00000056   Code   RO         3326    x$fpl$f2d           fz_ws.l(f2d.o)
    0x08004aba   0x08004aba   0x00000002   PAD
    0x08004abc   0x08004abc   0x000000c4   Code   RO         3328    x$fpl$fadd          fz_ws.l(faddsub_clz.o)
    0x08004b80   0x08004b80   0x00000018   Code   RO         3440    x$fpl$fcmpinf       fz_ws.l(fcmpi.o)
    0x08004b98   0x08004b98   0x00000184   Code   RO         3335    x$fpl$fdiv          fz_ws.l(fdiv.o)
    0x08004d1c   0x08004d1c   0x00000036   Code   RO         3338    x$fpl$ffix          fz_ws.l(ffix.o)
    0x08004d52   0x08004d52   0x00000002   PAD
    0x08004d54   0x08004d54   0x00000030   Code   RO         3343    x$fpl$fflt          fz_ws.l(fflt_clz.o)
    0x08004d84   0x08004d84   0x00000068   Code   RO         3391    x$fpl$fleqf         fz_ws.l(fleqf.o)
    0x08004dec   0x08004dec   0x00000102   Code   RO         3348    x$fpl$fmul          fz_ws.l(fmul.o)
    0x08004eee   0x08004eee   0x0000008c   Code   RO         3393    x$fpl$fnaninf       fz_ws.l(fnaninf.o)
    0x08004f7a   0x08004f7a   0x0000000a   Code   RO         3395    x$fpl$fretinf       fz_ws.l(fretinf.o)
    0x08004f84   0x08004f84   0x00000062   Code   RO         3350    x$fpl$frleqf        fz_ws.l(frleqf.o)
    0x08004fe6   0x08004fe6   0x00000002   PAD
    0x08004fe8   0x08004fe8   0x000000ea   Code   RO         3330    x$fpl$fsub          fz_ws.l(faddsub_clz.o)
    0x080050d2   0x080050d2   0x00000064   Code   RO         3455    x$fpl$retnan        fz_ws.l(retnan.o)
    0x08005136   0x08005136   0x0000005c   Code   RO         3397    x$fpl$scalbn        fz_ws.l(scalbn.o)
    0x08005192   0x08005192   0x00000030   Code   RO         3504    x$fpl$trapveneer    fz_ws.l(trapv.o)
    0x080051c2   0x080051c2   0x00000000   Code   RO         3399    x$fpl$usenofp       fz_ws.l(usenofp.o)
    0x080051c2   0x080051c2   0x00000010   Data   RO         2843    .constdata          system_stm32f1xx.o
    0x080051d2   0x080051d2   0x00000008   Data   RO         2844    .constdata          system_stm32f1xx.o
    0x080051da   0x080051da   0x00000006   PAD
    0x080051e0   0x080051e0   0x00000050   Data   RO         3354    .constdata          m_ws.l(acos.o)
    0x08005230   0x08005230   0x00000098   Data   RO         3364    .constdata          m_ws.l(atan.o)
    0x080052c8   0x080052c8   0x00000020   Data   RO         3583    Region$$Table       anon$$obj.o


    Execution Region RW_IRAM1 (Exec base: 0x20000000, Load base: 0x080052e8, Size: 0x00000a80, Max: 0x00010000, ABSOLUTE)

    Exec Addr    Load Addr    Size         Type   Attr      Idx    E Section Name        Object

    0x20000000   0x080052e8   0x0000000c   Data   RW         1534    .data               stm32f1xx_hal.o
    0x2000000c   0x080052f4   0x00000004   Data   RW         2845    .data               system_stm32f1xx.o
    0x20000010   0x080052f8   0x00000004   Data   RW         2945    .data               motor_dev_1.o
    0x20000014   0x080052fc   0x00000008   Data   RW         3109    .data               pid_util.o
    0x2000001c   0x08005304   0x00000004   PAD
    0x20000020   0x08005308   0x00000038   Data   RW         3159    .data               arm_task.o
    0x20000058        -       0x000001f8   Zero   RW          250    .bss                tim.o
    0x20000250        -       0x000000cc   Zero   RW          337    .bss                usart.o
    0x2000031c        -       0x00000024   Zero   RW         2987    .bss                remote_dev_1.o
    0x20000340        -       0x0000001e   Zero   RW         3063    .bss                ps2_dev.o
    0x2000035e   0x08005340   0x00000002   PAD
    0x20000360        -       0x000000c0   Zero   RW         3238    .bss                chassis_task.o
    0x20000420        -       0x00000060   Zero   RW         3443    .bss                c_w.l(libspace.o)
    0x20000480        -       0x00000200   Zero   RW            2    HEAP                startup_stm32f103xe.o
    0x20000680        -       0x00000400   Zero   RW            1    STACK               startup_stm32f103xe.o


==============================================================================

Image component sizes


      Code (inc. data)   RO Data    RW Data    ZI Data      Debug   Object Name

      2188        148          0         56          0       6548   arm_task.o
        34          6          0          0          0       1421   callback_config.o
       450         50          0          0        192       3453   chassis_task.o
        60          4          0          0          0        786   dma.o
       320         22          0          0          0       1143   gpio.o
        18          0          0          0          0        485   init_config.o
       152          0          0          0          0     487824   main.o
       508         58          0          4          0       2448   motor_dev_1.o
       224          4          0          8          0       3715   pid_util.o
       464         20          0          0         30       3800   ps2_dev.o
        36          8          0          0         36       1336   remote_dev_1.o
        64         26        304          0       1536        820   startup_stm32f103xe.o
        58          0          0          0          0       1221   steering_engine_dev_1.o
       128         24          0         12          0       5977   stm32f1xx_hal.o
       198         14          0          0          0      28995   stm32f1xx_hal_cortex.o
      1236         52          0          0          0       5190   stm32f1xx_hal_dma.o
       524         42          0          0          0       3567   stm32f1xx_hal_gpio.o
        60          8          0          0          0        890   stm32f1xx_hal_msp.o
      1272        100          0          0          0       5252   stm32f1xx_hal_rcc.o
      2214         96          0          0          0      18213   stm32f1xx_hal_tim.o
       212         20          0          0          0       3205   stm32f1xx_hal_tim_ex.o
      1454         24          0          0          0      11733   stm32f1xx_hal_uart.o
        68         24          0          0          0       5766   stm32f1xx_it.o
         2          0         24          4          0       1143   system_stm32f1xx.o
      1524        136          0          0        504       7536   tim.o
       276         30          0          0        204       1924   usart.o

    ----------------------------------------------------------------------
     13768        916        366         88       2504     614391   Object Totals
         0          0         32          0          0          0   (incl. Generated)
        24          0          6          4          2          0   (incl. Padding)

    ----------------------------------------------------------------------

      Code (inc. data)   RO Data    RW Data    ZI Data      Debug   Library Member Name

         8          0          0          0          0         68   __main.o
         0          0          0          0          0          0   __rtentry.o
        12          0          0          0          0          0   __rtentry2.o
         6          0          0          0          0          0   __rtentry4.o
        52          8          0          0          0          0   __scatter.o
        26          0          0          0          0          0   __scatter_copy.o
        28          0          0          0          0          0   __scatter_zi.o
        22          0          0          0          0        100   _rserrno.o
        18          0          0          0          0         80   exit.o
         6          0          0          0          0        152   heapauxi.o
         0          0          0          0          0          0   indicate_semi.o
         2          0          0          0          0          0   libinit.o
         2          0          0          0          0          0   libinit2.o
         2          0          0          0          0          0   libshutdown.o
         2          0          0          0          0          0   libshutdown2.o
         8          4          0          0         96         68   libspace.o
         8          4          0          0          0         68   rt_errno_addr_intlibspace.o
        78          0          0          0          0         80   rt_memclr_w.o
       100          0          0          0          0         80   rt_memcpy_w.o
         2          0          0          0          0          0   rtexit.o
        10          0          0          0          0          0   rtexit2.o
        12          4          0          0          0         68   sys_exit.o
        74          0          0          0          0         80   sys_stackheap_outer.o
         2          0          0          0          0         68   use_no_semi.o
       826         16          0          0          0        348   daddsub_clz.o
        16          4          0          0          0         68   dcheck1.o
        24          0          0          0          0         68   dcmpi.o
       688        140          0          0          0        208   ddiv.o
        94          4          0          0          0         92   dfix.o
        90          4          0          0          0         92   dfixu.o
        46          0          0          0          0         68   dflt_clz.o
       120          4          0          0          0         92   dleqf.o
       340         12          0          0          0        104   dmul.o
       156          4          0          0          0         92   dnaninf.o
        12          0          0          0          0         68   dretinf.o
       108          0          0          0          0         80   drleqf.o
       460         56          0          0          0        120   dsqrt_noumaal.o
        86          4          0          0          0         84   f2d.o
       430          8          0          0          0        168   faddsub_clz.o
        24          0          0          0          0         68   fcmpi.o
       388         76          0          0          0         96   fdiv.o
        54          4          0          0          0         84   ffix.o
        48          0          0          0          0         68   fflt_clz.o
       104          4          0          0          0         84   fleqf.o
       258          4          0          0          0         84   fmul.o
       140          4          0          0          0         84   fnaninf.o
        10          0          0          0          0         68   fretinf.o
        98          0          0          0          0         68   frleqf.o
       100          0          0          0          0         68   retnan.o
        92          0          0          0          0         68   scalbn.o
        48          0          0          0          0         68   trapv.o
         0          0          0          0          0          0   usenofp.o
       636         62         80          0          0        188   acos.o
       544         70        152          0          0        124   atan.o
        34          6          0          0          0        204   dunder.o
        40          0          0          0          0         68   fpclassify.o
       170          0          0          0          0         96   poly.o
        76          0          0          0          0         84   sqrt.o

    ----------------------------------------------------------------------
      6858        506        232          0         96       4336   Library Totals
        18          0          0          0          0          0   (incl. Padding)

    ----------------------------------------------------------------------

      Code (inc. data)   RO Data    RW Data    ZI Data      Debug   Library Name

       480         20          0          0         96        912   c_w.l
      4860        348          0          0          0       2660   fz_ws.l
      1500        138        232          0          0        764   m_ws.l

    ----------------------------------------------------------------------
      6858        506        232          0         96       4336   Library Totals

    ----------------------------------------------------------------------

==============================================================================


      Code (inc. data)   RO Data    RW Data    ZI Data      Debug   

     20626       1422        598         88       2600     609831   Grand Totals
     20626       1422        598         88       2600     609831   ELF Image Totals
     20626       1422        598         88          0          0   ROM Totals

==============================================================================

    Total RO  Size (Code + RO Data)                21224 (  20.73kB)
    Total RW  Size (RW Data + ZI Data)              2688 (   2.63kB)
    Total ROM Size (Code + RO Data + RW Data)      21312 (  20.81kB)

==============================================================================

